Archive member included because of file (symbol)

c:/program files (x86)/codesourcery/sourcery g++ lite/bin/../lib/gcc/arm-none-eabi/4.4.1/../../../../arm-none-eabi/lib/thumb2\libc.a(lib_a-errno.o)
                              Utils\syscalls-stubs.o (__errno)
c:/program files (x86)/codesourcery/sourcery g++ lite/bin/../lib/gcc/arm-none-eabi/4.4.1/../../../../arm-none-eabi/lib/thumb2\libc.a(lib_a-impure.o)
                              c:/program files (x86)/codesourcery/sourcery g++ lite/bin/../lib/gcc/arm-none-eabi/4.4.1/../../../../arm-none-eabi/lib/thumb2\libc.a(lib_a-errno.o) (_impure_ptr)
c:/program files (x86)/codesourcery/sourcery g++ lite/bin/../lib/gcc/arm-none-eabi/4.4.1/../../../../arm-none-eabi/lib/thumb2\libc.a(lib_a-init.o)
                              startup\startup_stm32f4xx.o (__libc_init_array)
c:/program files (x86)/codesourcery/sourcery g++ lite/bin/../lib/gcc/arm-none-eabi/4.4.1/../../../../arm-none-eabi/lib/thumb2\libc.a(lib_a-memcmp.o)
                              FreeRTOS\tasks.o (memcmp)
c:/program files (x86)/codesourcery/sourcery g++ lite/bin/../lib/gcc/arm-none-eabi/4.4.1/../../../../arm-none-eabi/lib/thumb2\libc.a(lib_a-memcpy.o)
                              User\main.o (memcpy)
c:/program files (x86)/codesourcery/sourcery g++ lite/bin/../lib/gcc/arm-none-eabi/4.4.1/../../../../arm-none-eabi/lib/thumb2\libc.a(lib_a-memset.o)
                              User\main.o (memset)
c:/program files (x86)/codesourcery/sourcery g++ lite/bin/../lib/gcc/arm-none-eabi/4.4.1/../../../../arm-none-eabi/lib/thumb2\libc.a(lib_a-sprintf.o)
                              User\main.o (sprintf)
c:/program files (x86)/codesourcery/sourcery g++ lite/bin/../lib/gcc/arm-none-eabi/4.4.1/../../../../arm-none-eabi/lib/thumb2\libc.a(lib_a-strcat.o)
                              FreeRTOS\tasks.o (strcat)
c:/program files (x86)/codesourcery/sourcery g++ lite/bin/../lib/gcc/arm-none-eabi/4.4.1/../../../../arm-none-eabi/lib/thumb2\libc.a(lib_a-strcpy.o)
                              User\main.o (strcpy)
c:/program files (x86)/codesourcery/sourcery g++ lite/bin/../lib/gcc/arm-none-eabi/4.4.1/../../../../arm-none-eabi/lib/thumb2\libc.a(lib_a-strlen.o)
                              Utils\itoa.o (strlen)
c:/program files (x86)/codesourcery/sourcery g++ lite/bin/../lib/gcc/arm-none-eabi/4.4.1/../../../../arm-none-eabi/lib/thumb2\libc.a(lib_a-strncpy.o)
                              FreeRTOS\tasks.o (strncpy)
c:/program files (x86)/codesourcery/sourcery g++ lite/bin/../lib/gcc/arm-none-eabi/4.4.1/../../../../arm-none-eabi/lib/thumb2\libc.a(lib_a-svfprintf.o)
                              c:/program files (x86)/codesourcery/sourcery g++ lite/bin/../lib/gcc/arm-none-eabi/4.4.1/../../../../arm-none-eabi/lib/thumb2\libc.a(lib_a-sprintf.o) (_svfprintf_r)
c:/program files (x86)/codesourcery/sourcery g++ lite/bin/../lib/gcc/arm-none-eabi/4.4.1/../../../../arm-none-eabi/lib/thumb2\libc.a(lib_a-dtoa.o)
                              c:/program files (x86)/codesourcery/sourcery g++ lite/bin/../lib/gcc/arm-none-eabi/4.4.1/../../../../arm-none-eabi/lib/thumb2\libc.a(lib_a-svfprintf.o) (_dtoa_r)
c:/program files (x86)/codesourcery/sourcery g++ lite/bin/../lib/gcc/arm-none-eabi/4.4.1/../../../../arm-none-eabi/lib/thumb2\libc.a(lib_a-freer.o)
                              c:/program files (x86)/codesourcery/sourcery g++ lite/bin/../lib/gcc/arm-none-eabi/4.4.1/../../../../arm-none-eabi/lib/thumb2\libc.a(lib_a-svfprintf.o) (_free_r)
c:/program files (x86)/codesourcery/sourcery g++ lite/bin/../lib/gcc/arm-none-eabi/4.4.1/../../../../arm-none-eabi/lib/thumb2\libc.a(lib_a-locale.o)
                              c:/program files (x86)/codesourcery/sourcery g++ lite/bin/../lib/gcc/arm-none-eabi/4.4.1/../../../../arm-none-eabi/lib/thumb2\libc.a(lib_a-svfprintf.o) (_localeconv_r)
c:/program files (x86)/codesourcery/sourcery g++ lite/bin/../lib/gcc/arm-none-eabi/4.4.1/../../../../arm-none-eabi/lib/thumb2\libc.a(lib_a-malloc.o)
                              c:/program files (x86)/codesourcery/sourcery g++ lite/bin/../lib/gcc/arm-none-eabi/4.4.1/../../../../arm-none-eabi/lib/thumb2\libc.a(lib_a-dtoa.o) (malloc)
c:/program files (x86)/codesourcery/sourcery g++ lite/bin/../lib/gcc/arm-none-eabi/4.4.1/../../../../arm-none-eabi/lib/thumb2\libc.a(lib_a-mallocr.o)
                              c:/program files (x86)/codesourcery/sourcery g++ lite/bin/../lib/gcc/arm-none-eabi/4.4.1/../../../../arm-none-eabi/lib/thumb2\libc.a(lib_a-svfprintf.o) (_malloc_r)
c:/program files (x86)/codesourcery/sourcery g++ lite/bin/../lib/gcc/arm-none-eabi/4.4.1/../../../../arm-none-eabi/lib/thumb2\libc.a(lib_a-memchr.o)
                              c:/program files (x86)/codesourcery/sourcery g++ lite/bin/../lib/gcc/arm-none-eabi/4.4.1/../../../../arm-none-eabi/lib/thumb2\libc.a(lib_a-svfprintf.o) (memchr)
c:/program files (x86)/codesourcery/sourcery g++ lite/bin/../lib/gcc/arm-none-eabi/4.4.1/../../../../arm-none-eabi/lib/thumb2\libc.a(lib_a-memmove.o)
[...]
Memory Configuration

Name             Origin             Length             Attributes
FLASH            0x08000000         0x00100000         xr
RAM              0x20000000         0x00030000         xrw
MEMORY_B1        0x60000000         0x00000000         xr
*default*        0x00000000         0xffffffff

Linker script and memory map

LOAD c:/program files (x86)/codesourcery/sourcery g++ lite/bin/../lib/gcc/arm-none-eabi/4.4.1/thumb2/crti.o
LOAD c:/program files (x86)/codesourcery/sourcery g++ lite/bin/../lib/gcc/arm-none-eabi/4.4.1/thumb2/crtbegin.o
LOAD startup\startup_stm32f4xx.o
LOAD Utils\timetemp.o
LOAD Utils\syscalls-stubs.o
LOAD Utils\retarget.o
LOAD Utils\itoa.o
LOAD User\system_stm32f4xx.o
LOAD User\stm32f4xx_it.o
LOAD User\main.o
LOAD STM32F4xx_StdPeriph_Driver\src\stm32f4xx_wwdg.o
LOAD STM32F4xx_StdPeriph_Driver\src\stm32f4xx_usart.o
LOAD STM32F4xx_StdPeriph_Driver\src\stm32f4xx_tim.o
LOAD STM32F4xx_StdPeriph_Driver\src\stm32f4xx_syscfg.o
LOAD STM32F4xx_StdPeriph_Driver\src\stm32f4xx_spi.o
LOAD STM32F4xx_StdPeriph_Driver\src\stm32f4xx_sdio.o
LOAD STM32F4xx_StdPeriph_Driver\src\stm32f4xx_rtc.o
LOAD STM32F4xx_StdPeriph_Driver\src\stm32f4xx_rng.o
LOAD STM32F4xx_StdPeriph_Driver\src\stm32f4xx_rcc.o
LOAD STM32F4xx_StdPeriph_Driver\src\stm32f4xx_pwr.o
LOAD STM32F4xx_StdPeriph_Driver\src\stm32f4xx_iwdg.o
LOAD STM32F4xx_StdPeriph_Driver\src\stm32f4xx_i2c.o
LOAD STM32F4xx_StdPeriph_Driver\src\stm32f4xx_hash_sha1.o
LOAD STM32F4xx_StdPeriph_Driver\src\stm32f4xx_hash_md5.o
LOAD STM32F4xx_StdPeriph_Driver\src\stm32f4xx_hash.o
LOAD STM32F4xx_StdPeriph_Driver\src\stm32f4xx_gpio.o
LOAD STM32F4xx_StdPeriph_Driver\src\stm32f4xx_fsmc.o
LOAD STM32F4xx_StdPeriph_Driver\src\stm32f4xx_flash.o
LOAD STM32F4xx_StdPeriph_Driver\src\stm32f4xx_exti.o
LOAD STM32F4xx_StdPeriph_Driver\src\stm32f4xx_dma.o
LOAD STM32F4xx_StdPeriph_Driver\src\stm32f4xx_dcmi.o
LOAD STM32F4xx_StdPeriph_Driver\src\stm32f4xx_dbgmcu.o
LOAD STM32F4xx_StdPeriph_Driver\src\stm32f4xx_dac.o
LOAD STM32F4xx_StdPeriph_Driver\src\stm32f4xx_cryp_tdes.o
LOAD STM32F4xx_StdPeriph_Driver\src\stm32f4xx_cryp_des.o
LOAD STM32F4xx_StdPeriph_Driver\src\stm32f4xx_cryp_aes.o
LOAD STM32F4xx_StdPeriph_Driver\src\stm32f4xx_cryp.o
LOAD STM32F4xx_StdPeriph_Driver\src\stm32f4xx_crc.o
LOAD STM32F4xx_StdPeriph_Driver\src\stm32f4xx_can.o
LOAD STM32F4xx_StdPeriph_Driver\src\stm32f4xx_adc.o
LOAD STM32F4xx_StdPeriph_Driver\src\misc.o
LOAD STM32F4-Discovery\stm32f4_discovery.o
LOAD RFID\rfid.o
LOAD I2C-DS1621\I2C-DS1621.o
LOAD FreeRTOS\timers.o
LOAD FreeRTOS\tasks.o
LOAD FreeRTOS\queue.o
LOAD FreeRTOS\portable\port.o
LOAD FreeRTOS\portable\heap_2.o
LOAD FreeRTOS\list.o
LOAD FreeRTOS\croutine.o
LOAD DS1307\DS1307.o
LOAD c:/program files (x86)/codesourcery/sourcery g++ lite/bin/../lib/gcc/arm-none-eabi/4.4.1/../../../../arm-none-eabi/lib/thumb2\libc.a
LOAD c:/program files (x86)/codesourcery/sourcery g++ lite/bin/../lib/gcc/arm-none-eabi/4.4.1/thumb2\libgcc.a
START GROUP
LOAD c:/program files (x86)/codesourcery/sourcery g++ lite/bin/../lib/gcc/arm-none-eabi/4.4.1/thumb2\libgcc.a
LOAD c:/program files (x86)/codesourcery/sourcery g++ lite/bin/../lib/gcc/arm-none-eabi/4.4.1/../../../../arm-none-eabi/lib/thumb2\libc.a
END GROUP
LOAD c:/program files (x86)/codesourcery/sourcery g++ lite/bin/../lib/gcc/arm-none-eabi/4.4.1/thumb2/crtend.o
LOAD c:/program files (x86)/codesourcery/sourcery g++ lite/bin/../lib/gcc/arm-none-eabi/4.4.1/thumb2/crtn.o
                0x20020000                _estack = 0x20020000
                0x00000000                _Min_Heap_Size = 0x0
                0x00000400                _Min_Stack_Size = 0x400

.isr_vector     0x08000000      0x188
                0x08000000                . = ALIGN (0x4)
 *(.isr_vector)
 .isr_vector    0x08000000      0x188 startup\startup_stm32f4xx.o
                0x08000000                g_pfnVectors
                0x08000188                . = ALIGN (0x4)

.text           0x08000188    0x5a000
                0x08000188                . = ALIGN (0x4)
 *(.text)
 .text          0x08000188       0x30 c:/program files (x86)/codesourcery/sourcery g++ lite/bin/../lib/gcc/arm-none-eabi/4.4.1/thumb2/crtbegin.o
 .text          0x080001b8      0x170 Utils\timetemp.o
                0x080001b8                CalculateTime
                0x080001e6                FormatTimeString2
                0x0800021e                FormatTimeString
                0x08000256                FormatTemperatureStringHR
                0x080002e6                FormatTemperatureString
 .text          0x08000328       0xb0 Utils\syscalls-stubs.o
                0x08000328                _sbrk
                0x08000354                _fstat
                0x0800035e                _isatty
                0x08000362                _read
                0x0800036a                _write
                0x08000388                _unlink
                0x08000398                _open
                0x080003a8                _lseek
                0x080003b8                _link
                0x080003c8                _close
 .text          0x080003d8       0x70 Utils\retarget.o
                0x080003d8                fputc
 .text          0x08000448       0x68 Utils\itoa.o
                0x08000448                reverse
                0x08000470                itoa
 .text          0x080004b0      0x184 User\system_stm32f4xx.o
                0x080004b0                SystemCoreClockUpdate
                0x08000548                SystemInit
 .text          0x08000634        0xc User\stm32f4xx_it.o
                0x08000634                NMI_Handler
                0x08000636                HardFault_Handler
                0x08000638                MemManage_Handler
                0x0800063a                BusFault_Handler
                0x0800063c                UsageFault_Handler
                0x0800063e                DebugMon_Handler
 .text          0x08000640     0x3440 User\main.o
                0x08000640                LCD_WriteRAM_Prepare
                0x0800064c                LCD_WriteRAM
                0x08000658                LCD_WriteReg
                0x08000668                LCD_ReadReg
                0x0800067c                LCD_DisplayOn
                0x08000684                LCD_DisplayOff
                0x0800068a                LCD_SetColors
                0x080006b4                LCD_GetColors
                0x080006d0                LCD_SetTextColor
                0x080006e8                LCD_SetBackColor
                0x08000700                LCD_CharSize
                0x08000718                LCD_SetCursor
                0x08000730                LCD_Clear
                0x08000754                PutPixel
                0x08000780                Pixel
                0x080007a4                LCD_DrawLine
                0x080007f8                LCD_DrawRect
                0x08000858                LCD_DrawSquare
                0x080008b2                LCD_DrawCircle
                0x0800097c                LCD_DrawFullRect
                0x080009bc                LCD_DrawFullSquare
                0x080009f4                LCD_DrawUniLine
                0x08000abc                LCD_DrawFullCircle
                0x08000b52                LCD_PolyLine
                0x08000be4                LCD_ClosedPolyLine
                0x08000c04                LCD_PolyLineRelative
                0x08000c08                LCD_ClosedPolyLineRelative
                0x08000c0c                LCD_FillPolyLine
                0x08000df0                DelayUS
                0x08000e06                TP_DrawPoint
                0x08000e44                DrawCross
                0x08000f36                setCalibrationMatrix
                0x08001048                getDisplayPoint
                0x08001086                delay_ms
                0x0800109a                iButton
                0x080010d0                TP_Delay
                0x080010e2                iBinaryToIntTemperature
                0x08001112                OW_FamilySkipSetup
                0x08001128                OW_CRCCalculate
                0x08001134                vApplicationTickHook
                0x08001174                iAllReset
                0x0800118c                iNotAllReset
                0x0800119e                iOneReset
                0x080011b4                iNotAllSet
                0x080011b6                iAllSet
                0x080011c8                iCmpG
                0x080011e0                iCmpL
                0x080011f8                vBoilerConditions
                0x08001244                vGroundConditions
                0x080012a4                vResetArray
                0x080012b4                Delay
                0x080012c6                LCD_SetDisplayWindow
                0x08001344                LCD_WriteBMP
                0x0800139a                vInitIcons
                0x080013f8                LCD_ClearRectangle
                0x0800144c                vTurnOnRelay
                0x08001458                vTurnOffRelay
                0x08001464                vHeaterConditions
                0x080014ec                vFurnaceConditions
                0x08001518                cInt2Temp
                0x08001568                vInitGPIO
                0x080015c8                vSystemConditions
                0x08001670                vThermostatConditions
                0x08001700                vConditionTask
                0x08001790                vRefreshTask
                0x080017d0                backToHome
                0x08001814                vTimerFunction
                0x08001898                vSystemTask
                0x0800193c                OW_Reset
                0x0800199c                OW_BitWrite
                0x080019d8                OW_ByteWrite
                0x080019f0                OW_ROMSkip
                0x08001a04                OW_ROMMatch
                0x08001a36                OW_BitRead
                0x08001a80                OW_ByteRead
                0x08001aa0                OW_ROMRead
                0x08001b0a                OW_WeakPullUp
                0x08001b34                DS1820_PowerTypeGet
                0x08001b64                DS1820_ConfigurationRecall
                0x08001b8a                DS1820_TemperatureAlarmGet
                0x08001be6                DS1820_TemperatureAlarmSet
                0x08001c40                DS1820_TemperatureGet
                0x08001c80                OW_StrongPullUp
                0x08001ca8                OW_SearchNext
                0x08001dc8                OW_SearchFirst
                0x08001dfc                DS1820_Search
                0x08001e2e                DS1820_ConfigurationStore
                0x08001e58                DS1820_TemperatureConvert
                0x08001e82                vTemperatureTask
                0x08001f80                OW_Init
                0x0800202c                DS1820_Init
                0x080020d0                Read_Y
                0x08002104                Read_X
                0x08002138                TP_GetAdXY
                0x08002154                Read_Ads7846
                0x080022a8                TP_Init
                0x080023d4                LCD_BackLight
                0x08002410                ScreenOff
                0x08002432                vTouchPanelTask
                0x08002900                TIM_Config
                0x080029c8                LCD_FSMCConfig
                0x08002a78                LCD_CtrlLinesConfig
                0x08002ba0                LCD_Init
                0x08002e6e                GetASCIICode5
                0x08002e80                GetASCIICode4
                0x08002e94                GetASCIICode3
                0x08002ea4                GetASCIICode2
                0x08002eb4                GetASCIICode1
                0x08002ec8                LCD_PutChar
                0x080030a4                LCDputc
                0x0800313c                LCDprint
                0x08003156                vInit
                0x080032e8                main
                0x0800333c                LCD_StringLine
                0x08003390                vApplicationMallocFailedHook
                0x080033b4                vApplicationStackOverflowHook
                0x080033dc                ScreenRelay
                0x080035cc                ScreenInfo
                0x08003634                ScreenSettings
                0x08003670                ScreenSetTime
                0x080037a0                ScreenNormal
                0x08003962                TouchPanel_Calibrate
 .text          0x08003a80      0x3f8 STM32F4xx_StdPeriph_Driver\src\stm32f4xx_usart.o
                0x08003a80                USART_StructInit
                0x08003a98                USART_ClockInit
                0x08003ac2                USART_ClockStructInit
                0x08003ace                USART_Cmd
                0x08003ae8                USART_SetPrescaler
                0x08003afc                USART_OverSampling8Cmd
                0x08003b16                USART_OneBitMethodCmd
                0x08003b30                USART_SendData
                0x08003b38                USART_ReceiveData
                0x08003b40                USART_SetAddress
                0x08003b58                USART_ReceiverWakeUpCmd
                0x08003b72                USART_WakeUpConfig
                0x08003b8a                USART_LINBreakDetectLengthConfig
                0x08003ba2                USART_LINCmd
                0x08003bbc                USART_SendBreak
                0x08003bc8                USART_HalfDuplexCmd
                0x08003be2                USART_SetGuardTime
                0x08003bf4                USART_SmartCardCmd
                0x08003c0e                USART_SmartCardNACKCmd
                0x08003c28                USART_IrDAConfig
                0x08003c40                USART_IrDACmd
                0x08003c5a                USART_DMACmd
                0x08003c70                USART_ITConfig
                0x08003ca6                USART_GetFlagStatus
                0x08003cb2                USART_ClearFlag
                0x08003cba                USART_GetITStatus
                0x08003d00                USART_ClearITPendingBit
                0x08003d0e                USART_Init
                0x08003dd0                USART_DeInit
 .text          0x08003e78      0xc24 STM32F4xx_StdPeriph_Driver\src\stm32f4xx_tim.o
                0x08003e78                TIM_TimeBaseInit
                0x08003f08                TIM_TimeBaseStructInit
                0x08003f1a                TIM_PrescalerConfig
                0x08003f20                TIM_CounterModeConfig
                0x08003f32                TIM_SetCounter
                0x08003f36                TIM_SetAutoreload
                0x08003f3a                TIM_GetCounter
                0x08003f3e                TIM_GetPrescaler
                0x08003f44                TIM_UpdateDisableConfig
                0x08003f5e                TIM_UpdateRequestConfig
                0x08003f78                TIM_ARRPreloadConfig
                0x08003f92                TIM_SelectOnePulseMode
                0x08003faa                TIM_SetClockDivision
                0x08003fc2                TIM_Cmd
                0x08003fdc                TIM_OC1Init
                0x08004070                TIM_OC2Init
                0x08004108                TIM_OC3Init
                0x0800419c                TIM_OC4Init
                0x08004218                TIM_OCStructInit
                0x0800422c                TIM_SelectOCxM
                0x0800427e                TIM_SetCompare1
                0x08004282                TIM_SetCompare2
                0x08004286                TIM_SetCompare3
                0x0800428a                TIM_SetCompare4
                0x0800428e                TIM_ForcedOC1Config
                0x080042a0                TIM_ForcedOC2Config
                0x080042b4                TIM_ForcedOC3Config
                0x080042c6                TIM_ForcedOC4Config
                0x080042da                TIM_OC1PreloadConfig
                0x080042ec                TIM_OC2PreloadConfig
                0x08004300                TIM_OC3PreloadConfig
                0x08004312                TIM_OC4PreloadConfig
                0x08004326                TIM_OC1FastConfig
                0x08004338                TIM_OC2FastConfig
                0x0800434c                TIM_OC3FastConfig
                0x0800435e                TIM_OC4FastConfig
                0x08004372                TIM_ClearOC1Ref
                0x08004384                TIM_ClearOC2Ref
                0x08004394                TIM_ClearOC3Ref
                0x080043a6                TIM_ClearOC4Ref
                0x080043b6                TIM_OC1PolarityConfig
                0x080043c8                TIM_OC1NPolarityConfig
                0x080043da                TIM_OC2PolarityConfig
                0x080043ee                TIM_OC2NPolarityConfig
                0x08004402                TIM_OC3PolarityConfig
                0x08004416                TIM_OC3NPolarityConfig
                0x0800442a                TIM_OC4PolarityConfig
                0x0800443e                TIM_CCxCmd
                0x08004460                TIM_CCxNCmd
                0x08004482                TIM_ICStructInit
                0x08004494                TIM_GetCapture1
                0x08004498                TIM_GetCapture2
                0x0800449c                TIM_GetCapture3
                0x080044a0                TIM_GetCapture4
                0x080044a4                TIM_SetIC1Prescaler
                0x080044bc                TIM_SetIC2Prescaler
                0x080044d6                TIM_SetIC3Prescaler
                0x080044ee                TIM_SetIC4Prescaler
                0x08004508                TIM_BDTRConfig
                0x0800452c                TIM_BDTRStructInit
                0x0800453e                TIM_CtrlPWMOutputs
                0x0800455e                TIM_SelectCOM
                0x08004578                TIM_CCPreloadControl
                0x08004592                TIM_ITConfig
                0x080045a8                TIM_GenerateEvent
                0x080045ac                TIM_GetFlagStatus
                0x080045b8                TIM_ClearFlag
                0x080045c0                TIM_GetITStatus
                0x080045d6                TIM_ClearITPendingBit
                0x080045de                TIM_DMAConfig
                0x080045e6                TIM_DMACmd
                0x080045fc                TIM_SelectCCDMA
                0x08004616                TIM_InternalClockConfig
                0x08004624                TIM_SelectInputTrigger
                0x08004636                TIM_ITRxExternalClockConfig
                0x0800464a                TIM_SelectOutputTrigger
                0x08004662                TIM_SelectSlaveMode
                0x0800467a                TIM_SelectMasterSlaveMode
                0x08004692                TIM_ETRConfig
                0x080046b0                TIM_ETRClockMode2Config
                0x080046c4                TIM_ETRClockMode1Config
                0x080046de                TIM_EncoderInterfaceConfig
                0x08004726                TIM_SelectHallSensor
                0x08004740                TIM_RemapConfig
                0x080047de                TIM_TIxExternalClockConfig
                0x0800480c                TIM_PWMIConfig
                0x08004878                TIM_ICInit
                0x08004948                TIM_DeInit
 .text          0x08004a9c       0x84 STM32F4xx_StdPeriph_Driver\src\stm32f4xx_syscfg.o
                0x08004a9c                SYSCFG_MemoryRemapConfig
                0x08004aa8                SYSCFG_EXTILineConfig
                0x08004adc                SYSCFG_ETH_MediaInterfaceConfig
                0x08004ae8                SYSCFG_CompensationCellCmd
                0x08004af4                SYSCFG_GetCompensationCellStatus
                0x08004b04                SYSCFG_DeInit
 .text          0x08004b20      0x394 STM32F4xx_StdPeriph_Driver\src\stm32f4xx_spi.o
                0x08004b20                SPI_Init
                0x08004b7a                I2S_Init
                0x08004c58                SPI_StructInit
                0x08004c72                I2S_StructInit
                0x08004c84                SPI_Cmd
                0x08004c9e                I2S_Cmd
                0x08004cb8                SPI_DataSizeConfig
                0x08004cd0                SPI_BiDirectionalLineConfig
                0x08004cec                SPI_NSSInternalSoftwareConfig
                0x08004d06                SPI_SSOutputCmd
                0x08004d20                SPI_TIModeCmd
                0x08004d3a                I2S_FullDuplexConfig
                0x08004d88                SPI_I2S_ReceiveData
                0x08004d8e                SPI_I2S_SendData
                0x08004d92                SPI_CalculateCRC
                0x08004dac                SPI_TransmitCRC
                0x08004db8                SPI_GetCRC
                0x08004dc8                SPI_GetCRCPolynomial
                0x08004dce                SPI_I2S_DMACmd
                0x08004de4                SPI_I2S_ITConfig
                0x08004e02                SPI_I2S_GetFlagStatus
                0x08004e0e                SPI_I2S_ClearFlag
                0x08004e16                SPI_I2S_GetITStatus
                0x08004e40                SPI_I2S_ClearITPendingBit
                0x08004e50                SPI_I2S_DeInit
 .text          0x08004eb4      0x4c0 STM32F4xx_StdPeriph_Driver\src\stm32f4xx_rcc.o
                0x08004eb4                RCC_DeInit
                0x08004ee8                RCC_HSEConfig
                0x08004ef8                RCC_AdjustHSICalibrationValue
                0x08004f0c                RCC_HSICmd
                0x08004f18                RCC_LSEConfig
                0x08004f38                RCC_LSICmd
                0x08004f44                RCC_PLLConfig
                0x08004f64                RCC_PLLCmd
                0x08004f70                RCC_PLLI2SConfig
                0x08004f84                RCC_PLLI2SCmd
                0x08004f90                RCC_ClockSecuritySystemCmd
                0x08004f9c                RCC_MCO1Config
                0x08004fb4                RCC_MCO2Config
                0x08004fcc                RCC_SYSCLKConfig
                0x08004fe0                RCC_GetSYSCLKSource
                0x08004ff0                RCC_HCLKConfig
                0x08005004                RCC_PCLK1Config
                0x08005018                RCC_PCLK2Config
                0x0800502c                RCC_GetClocksFreq
                0x080050dc                RCC_RTCCLKConfig
                0x0800510c                RCC_RTCCLKCmd
                0x08005118                RCC_BackupResetCmd
                0x08005124                RCC_I2SCLKConfig
                0x08005130                RCC_AHB1PeriphClockCmd
                0x0800514c                RCC_AHB2PeriphClockCmd
                0x08005168                RCC_AHB3PeriphClockCmd
                0x08005184                RCC_APB1PeriphClockCmd
                0x080051a0                RCC_APB2PeriphClockCmd
                0x080051bc                RCC_AHB1PeriphResetCmd
                0x080051d8                RCC_AHB2PeriphResetCmd
                0x080051f4                RCC_AHB3PeriphResetCmd
                0x08005210                RCC_APB1PeriphResetCmd
                0x0800522c                RCC_APB2PeriphResetCmd
                0x08005248                RCC_AHB1PeriphClockLPModeCmd
                0x08005264                RCC_AHB2PeriphClockLPModeCmd
                0x08005280                RCC_AHB3PeriphClockLPModeCmd
                0x0800529c                RCC_APB1PeriphClockLPModeCmd
                0x080052b8                RCC_APB2PeriphClockLPModeCmd
                0x080052d4                RCC_ITConfig
                0x080052f0                RCC_GetFlagStatus
                0x08005318                RCC_WaitForHSEStartUp
                0x08005344                RCC_ClearFlag
                0x08005354                RCC_GetITStatus
                0x08005368                RCC_ClearITPendingBit
 .text          0x08005374      0x208 STM32F4xx_StdPeriph_Driver\src\stm32f4xx_gpio.o
                0x08005374                GPIO_Init
                0x080053fc                GPIO_StructInit
                0x0800540e                GPIO_PinLockConfig
                0x08005434                GPIO_ReadInputDataBit
                0x08005440                GPIO_ReadInputData
                0x08005446                GPIO_ReadOutputDataBit
                0x08005452                GPIO_ReadOutputData
                0x08005458                GPIO_SetBits
                0x0800545c                GPIO_ResetBits
                0x08005460                GPIO_WriteBit
                0x0800546a                GPIO_Write
                0x0800546e                GPIO_ToggleBits
                0x08005478                GPIO_PinAFConfig
                0x080054a6                GPIO_DeInit
 .text          0x0800557c      0x488 STM32F4xx_StdPeriph_Driver\src\stm32f4xx_fsmc.o
                0x0800557c                FSMC_NORSRAMDeInit
                0x080055b4                FSMC_NORSRAMInit
                0x08005670                FSMC_NORSRAMStructInit
                0x080056be                FSMC_NORSRAMCmd
                0x080056ec                FSMC_NANDDeInit
                0x08005710                FSMC_NANDInit
                0x08005778                FSMC_NANDStructInit
                0x080057a2                FSMC_NANDCmd
                0x080057d8                FSMC_NANDECCCmd
                0x0800580c                FSMC_GetECC
                0x08005824                FSMC_PCCARDDeInit
                0x08005840                FSMC_PCCARDInit
                0x080058a8                FSMC_PCCARDStructInit
                0x080058d2                FSMC_PCCARDCmd
                0x080058f8                FSMC_ITConfig
                0x08005944                FSMC_GetFlagStatus
                0x08005970                FSMC_ClearFlag
                0x080059a0                FSMC_GetITStatus
                0x080059d4                FSMC_ClearITPendingBit
 .text          0x08005a04      0x108 STM32F4xx_StdPeriph_Driver\src\stm32f4xx_exti.o
                0x08005a04                EXTI_DeInit
                0x08005a20                EXTI_Init
                0x08005aa4                EXTI_StructInit
                0x08005ab2                EXTI_GenerateSWInterrupt
                0x08005ac4                EXTI_GetFlagStatus
                0x08005ad8                EXTI_ClearFlag
                0x08005ae4                EXTI_GetITStatus
                0x08005b00                EXTI_ClearITPendingBit
 .text          0x08005b0c       0xc4 STM32F4xx_StdPeriph_Driver\src\misc.o
                0x08005b0c                NVIC_PriorityGroupConfig
                0x08005b20                NVIC_Init
                0x08005b88                NVIC_SetVectorTable
                0x08005b9c                NVIC_SystemLPConfig
                0x08005bb8                SysTick_CLKSourceConfig
 .text          0x08005bd0      0x154 STM32F4-Discovery\stm32f4_discovery.o
                0x08005bd0                STM_EVAL_LEDOn
                0x08005be8                STM_EVAL_LEDOff
                0x08005c00                STM_EVAL_LEDToggle
                0x08005c20                STM_EVAL_PBGetState
                0x08005c40                STM_EVAL_LEDInit
                0x08005c84                STM_EVAL_PBInit
 .text          0x08005d24      0x42c RFID\rfid.o
                0x08005d24                CheckRFIDTagCode
                0x08005d68                STM_SSDRelay_On
                0x08005d78                STM_SSDRelay_Off
                0x08005d88                STM_EVAL_PA8Init
                0x08005dbc                NVIC_Configuration
                0x08005dde                USART3_Config
                0x08005ea8                RFIDInitMinimal
                0x08005ee8                USART3_IRQHandler
                0x08005f70                process_transponder
                0x08005fd0                vToggleLED4Task
                0x08005fee                vRFIDTransponderTask
 .text          0x08006150      0x318 FreeRTOS\timers.o
                0x08006150                pvTimerGetTimerID
                0x08006154                xTimerIsTimerActive
                0x0800616c                xTimerGenericCommand
                0x080061ec                xTimerCreate
                0x08006232                xTimerCreateTimerTask
 .text          0x08006468      0xbf8 FreeRTOS\tasks.o
                0x08006468                vTaskSuspendAll
                0x08006478                uxTaskGetNumberOfTasks
                0x08006484                vTaskMissedYield
                0x08006490                uxTaskGetTaskNumber
                0x08006498                vTaskSetTaskNumber
                0x0800649e                xTaskGetCurrentTaskHandle
                0x080064a8                xTaskGetSchedulerState
                0x080064c0                vTaskPriorityDisinherit
                0x08006508                vTaskPriorityInherit
                0x08006570                vTaskSetTimeOutState
                0x08006590                xTaskRemoveFromEventList
                0x080065f0                xTaskIsTaskSuspended
                0x0800661c                xTaskCheckForTimeOut
                0x08006684                xTaskGetTickCount
                0x0800669c                uxTaskPriorityGet
                0x080066b8                eTaskStateGet
                0x08006748                vTaskPlaceOnEventListRestricted
                0x08006778                vTaskPlaceOnEventList
                0x080067bc                vTaskSwitchContext
                0x08006848                vTaskIncrementTick
                0x080069b4                xTaskGetTickCountFromISR
                0x080069cc                xTaskResumeFromISR
                0x08006a48                xTaskResumeAll
                0x08006afc                vTaskList
                0x08006b94                vTaskResume
                0x08006bf8                vTaskSuspend
                0x08006c64                vTaskPrioritySet
                0x08006d00                vTaskDelay
                0x08006d34                vTaskDelayUntil
                0x08006da0                vTaskDelete
                0x08006e08                vTaskEndScheduler
                0x08006e7c                xTaskGenericCreate
                0x08007008                vTaskStartScheduler
 .text          0x08007060      0x67c FreeRTOS\queue.o
                0x08007060                ucQueueGetQueueNumber
                0x08007066                vQueueSetQueueNumber
                0x0800706c                ucQueueGetQueueType
                0x08007072                vQueueAddToRegistry
                0x08007100                vQueueWaitForMessageRestricted
                0x0800713c                xQueueIsQueueFullFromISR
                0x08007156                xQueueIsQueueEmptyFromISR
                0x0800716c                uxQueueMessagesWaitingFromISR
                0x0800717a                uxQueueMessagesWaiting
                0x08007194                vQueueDelete
                0x080071f8                xQueueReceiveFromISR
                0x08007262                xQueueGenericReceive
                0x0800738e                xQueueTakeMutexRecursive
                0x08007420                xQueueGenericSendFromISR
                0x08007494                xQueueGenericSend
                0x0800759a                xQueueGiveMutexRecursive
                0x080075ce                xQueueCreateMutex
                0x0800761c                xQueueGenericReset
                0x08007680                xQueueGenericCreate
                0x080076c2                xQueueCreateCountingSemaphore
 .text          0x080076dc      0x178 FreeRTOS\portable\port.o
                0x080076dc                pxPortInitialiseStack
                0x08007704                SVC_Handler
                0x08007730                vPortEndScheduler
                0x08007732                vPortYieldFromISR
                0x08007740                ulPortSetInterruptMask
                0x08007750                vPortEnterCritical
                0x08007764                vPortClearInterruptMask
                0x0800776a                vPortExitCritical
                0x0800777c                PendSV_Handler
                0x080077b8                vPortSetupTimerInterrupt
                0x080077ea                xPortStartScheduler
                0x0800782c                SysTick_Handler
 .text          0x08007854      0x110 FreeRTOS\portable\heap_2.o
                0x08007854                xPortGetFreeHeapSize
                0x08007860                vPortInitialiseBlocks
                0x08007862                vPortFree
                0x080078a4                pvPortMalloc
 .text          0x08007964       0x8a FreeRTOS\list.o
                0x08007964                vListInitialise
                0x0800797a                vListInitialiseItem
                0x08007980                vListInsertEnd
                0x0800799a                vListInsert
                0x080079cc                uxListRemove
 *fill*         0x080079ee        0x2 00
 .text          0x080079f0        0xc c:/program files (x86)/codesourcery/sourcery g++ lite/bin/../lib/gcc/arm-none-eabi/4.4.1/../../../../arm-none-eabi/lib/thumb2\libc.a(lib_a-errno.o)
                0x080079f0                __errno
 .text          0x080079fc       0x50 c:/program files (x86)/codesourcery/sourcery g++ lite/bin/../lib/gcc/arm-none-eabi/4.4.1/../../../../arm-none-eabi/lib/thumb2\libc.a(lib_a-init.o)
                0x080079fc                __libc_init_array
 .text          0x08007a4c       0x64 c:/program files (x86)/codesourcery/sourcery g++ lite/bin/../lib/gcc/arm-none-eabi/4.4.1/../../../../arm-none-eabi/lib/thumb2\libc.a(lib_a-memcmp.o)
                0x08007a4c                memcmp
 .text          0x08007ab0      0x190 c:/program files (x86)/codesourcery/sourcery g++ lite/bin/../lib/gcc/arm-none-eabi/4.4.1/../../../../arm-none-eabi/lib/thumb2\libc.a(lib_a-memcpy.o)
                0x08007ab0                memcpy
 .text          0x08007c40       0xd4 c:/program files (x86)/codesourcery/sourcery g++ lite/bin/../lib/gcc/arm-none-eabi/4.4.1/../../../../arm-none-eabi/lib/thumb2\libc.a(lib_a-memset.o)
                0x08007c40                memset
 .text          0x08007d14       0x94 c:/program files (x86)/codesourcery/sourcery g++ lite/bin/../lib/gcc/arm-none-eabi/4.4.1/../../../../arm-none-eabi/lib/thumb2\libc.a(lib_a-sprintf.o)
                0x08007d14                sprintf
                0x08007d64                _sprintf_r
 .text          0x08007da8       0x48 c:/program files (x86)/codesourcery/sourcery g++ lite/bin/../lib/gcc/arm-none-eabi/4.4.1/../../../../arm-none-eabi/lib/thumb2\libc.a(lib_a-strcat.o)
                0x08007da8                strcat
 .text          0x08007df0       0xbc c:/program files (x86)/codesourcery/sourcery g++ lite/bin/../lib/gcc/arm-none-eabi/4.4.1/../../../../arm-none-eabi/lib/thumb2\libc.a(lib_a-strcpy.o)
                0x08007df0                strcpy
 .text          0x08007eac       0x60 c:/program files (x86)/codesourcery/sourcery g++ lite/bin/../lib/gcc/arm-none-eabi/4.4.1/../../../../arm-none-eabi/lib/thumb2\libc.a(lib_a-strlen.o)
                0x08007eac                strlen
 .text          0x08007f0c       0x78 c:/program files (x86)/codesourcery/sourcery g++ lite/bin/../lib/gcc/arm-none-eabi/4.4.1/../../../../arm-none-eabi/lib/thumb2\libc.a(lib_a-strncpy.o)
                0x08007f0c                strncpy
 .text          0x08007f84     0x15a8 c:/program files (x86)/codesourcery/sourcery g++ lite/bin/../lib/gcc/arm-none-eabi/4.4.1/../../../../arm-none-eabi/lib/thumb2\libc.a(lib_a-svfprintf.o)
                0x080080a0                _svfprintf_r
 *fill*         0x0800952c        0x4 00
 .text          0x08009530      0xfb8 c:/program files (x86)/codesourcery/sourcery g++ lite/bin/../lib/gcc/arm-none-eabi/4.4.1/../../../../arm-none-eabi/lib/thumb2\libc.a(lib_a-dtoa.o)
                0x08009650                _dtoa_r
 .text          0x0800a4e8      0x268 c:/program files (x86)/codesourcery/sourcery g++ lite/bin/../lib/gcc/arm-none-eabi/4.4.1/../../../../arm-none-eabi/lib/thumb2\libc.a(lib_a-freer.o)
                0x0800a4e8                _malloc_trim_r
                0x0800a590                _free_r
 .text          0x0800a750       0x74 c:/program files (x86)/codesourcery/sourcery g++ lite/bin/../lib/gcc/arm-none-eabi/4.4.1/../../../../arm-none-eabi/lib/thumb2\libc.a(lib_a-locale.o)
                0x0800a750                __locale_charset
                0x0800a75c                _localeconv_r
                0x0800a764                localeconv
                0x0800a76c                _setlocale_r
                0x0800a7b4                setlocale
 .text          0x0800a7c4       0x20 c:/program files (x86)/codesourcery/sourcery g++ lite/bin/../lib/gcc/arm-none-eabi/4.4.1/../../../../arm-none-eabi/lib/thumb2\libc.a(lib_a-malloc.o)
                0x0800a7c4                free
                0x0800a7d4                malloc
 .text          0x0800a7e4      0x5a4 c:/program files (x86)/codesourcery/sourcery g++ lite/bin/../lib/gcc/arm-none-eabi/4.4.1/../../../../arm-none-eabi/lib/thumb2\libc.a(lib_a-mallocr.o)
                0x0800a7e4                _malloc_r
 .text          0x0800ad88       0x74 c:/program files (x86)/codesourcery/sourcery g++ lite/bin/../lib/gcc/arm-none-eabi/4.4.1/../../../../arm-none-eabi/lib/thumb2\libc.a(lib_a-memchr.o)
                0x0800ad88                memchr
 .text          0x0800adfc       0xb8 c:/program files (x86)/codesourcery/sourcery g++ lite/bin/../lib/gcc/arm-none-eabi/4.4.1/../../../../arm-none-eabi/lib/thumb2\libc.a(lib_a-memmove.o)
                0x0800adfc                memmove
 .text          0x0800aeb4        0x8 c:/program files (x86)/codesourcery/sourcery g++ lite/bin/../lib/gcc/arm-none-eabi/4.4.1/../../../../arm-none-eabi/lib/thumb2\libc.a(lib_a-mlock.o)
                0x0800aeb4                __malloc_lock
                0x0800aeb8                __malloc_unlock
 .text          0x0800aebc      0x958 c:/program files (x86)/codesourcery/sourcery g++ lite/bin/../lib/gcc/arm-none-eabi/4.4.1/../../../../arm-none-eabi/lib/thumb2\libc.a(lib_a-mprec.o)
                0x0800aebc                __hi0bits
                0x0800aefc                __lo0bits
                0x0800af60                __mcmp
                0x0800afa0                __ulp
                0x0800afec                __b2d
                0x0800b094                __ratio
                0x0800b0f4                _mprec_log10
                0x0800b12c                __copybits
                0x0800b17c                __any_on
                0x0800b1d4                _Bfree
                0x0800b20c                _Balloc
                0x0800b278                __d2b
                0x0800b348                __mdiff
                0x0800b440                __lshift
                0x0800b4fc                __multiply
                0x0800b630                __i2b
                0x0800b644                __multadd
                0x0800b6cc                __pow5mult
                0x0800b778                __s2b
 .text          0x0800b814      0x3b4 c:/program files (x86)/codesourcery/sourcery g++ lite/bin/../lib/gcc/arm-none-eabi/4.4.1/../../../../arm-none-eabi/lib/thumb2\libc.a(lib_a-reallocr.o)
                0x0800b814                _realloc_r
 .text          0x0800bbc8       0x24 c:/program files (x86)/codesourcery/sourcery g++ lite/bin/../lib/gcc/arm-none-eabi/4.4.1/../../../../arm-none-eabi/lib/thumb2\libc.a(lib_a-s_isinfd.o)
                0x0800bbc8                __isinfd
 .text          0x0800bbec       0x1c c:/program files (x86)/codesourcery/sourcery g++ lite/bin/../lib/gcc/arm-none-eabi/4.4.1/../../../../arm-none-eabi/lib/thumb2\libc.a(lib_a-s_isnand.o)
                0x0800bbec                __isnand
 .text          0x0800bc08       0x28 c:/program files (x86)/codesourcery/sourcery g++ lite/bin/../lib/gcc/arm-none-eabi/4.4.1/../../../../arm-none-eabi/lib/thumb2\libc.a(lib_a-sbrkr.o)
                0x0800bc08                _sbrk_r
 .text          0x0800bc30      0x1dc c:/program files (x86)/codesourcery/sourcery g++ lite/bin/../lib/gcc/arm-none-eabi/4.4.1/../../../../arm-none-eabi/lib/thumb2\libc.a(lib_a-strcmp.o)
                0x0800bc30                strcmp
 .text          0x0800be0c       0x5c c:/program files (x86)/codesourcery/sourcery g++ lite/bin/../lib/gcc/arm-none-eabi/4.4.1/../../../../arm-none-eabi/lib/thumb2\libc.a(lib_a-callocr.o)
                0x0800be0c                _calloc_r
 .text          0x0800be68      0x278 c:/program files (x86)/codesourcery/sourcery g++ lite/bin/../lib/gcc/arm-none-eabi/4.4.1/thumb2\libgcc.a(_udivsi3.o)
                0x0800be68                __aeabi_uidiv
                0x0800be68                __udivsi3
                0x0800c0c4                __aeabi_uidivmod
 .text          0x0800c0e0        0x4 c:/program files (x86)/codesourcery/sourcery g++ lite/bin/../lib/gcc/arm-none-eabi/4.4.1/thumb2\libgcc.a(_dvmd_tls.o)
                0x0800c0e0                __aeabi_idiv0
                0x0800c0e0                __aeabi_ldiv0
 .text          0x0800c0e4      0x370 c:/program files (x86)/codesourcery/sourcery g++ lite/bin/../lib/gcc/arm-none-eabi/4.4.1/thumb2\libgcc.a(_arm_addsubdf3.o)
                0x0800c0e4                __aeabi_drsub
                0x0800c0ec                __aeabi_dsub
                0x0800c0ec                __subdf3
                0x0800c0f0                __aeabi_dadd
                0x0800c0f0                __adddf3
                0x0800c368                __floatunsidf
                0x0800c368                __aeabi_ui2d
                0x0800c388                __floatsidf
                0x0800c388                __aeabi_i2d
                0x0800c3ac                __aeabi_f2d
                0x0800c3ac                __extendsfdf2
                0x0800c3e8                __floatundidf
                0x0800c3e8                __aeabi_ul2d
                0x0800c3f8                __floatdidf
                0x0800c3f8                __aeabi_l2d
 .text          0x0800c454      0x424 c:/program files (x86)/codesourcery/sourcery g++ lite/bin/../lib/gcc/arm-none-eabi/4.4.1/thumb2\libgcc.a(_arm_muldivdf3.o)
                0x0800c454                __aeabi_dmul
                0x0800c454                __muldf3
                0x0800c6a8                __divdf3
                0x0800c6a8                __aeabi_ddiv
 .text          0x0800c878      0x110 c:/program files (x86)/codesourcery/sourcery g++ lite/bin/../lib/gcc/arm-none-eabi/4.4.1/thumb2\libgcc.a(_arm_cmpdf2.o)
                0x0800c878                __gtdf2
                0x0800c878                __gedf2
                0x0800c880                __ltdf2
                0x0800c880                __ledf2
                0x0800c888                __nedf2
                0x0800c888                __eqdf2
                0x0800c888                __cmpdf2
                0x0800c904                __aeabi_cdrcmple
                0x0800c914                __aeabi_cdcmpeq
                0x0800c914                __aeabi_cdcmple
                0x0800c924                __aeabi_dcmpeq
                0x0800c938                __aeabi_dcmplt
                0x0800c94c                __aeabi_dcmple
                0x0800c960                __aeabi_dcmpge
                0x0800c974                __aeabi_dcmpgt
 .text          0x0800c988       0x50 c:/program files (x86)/codesourcery/sourcery g++ lite/bin/../lib/gcc/arm-none-eabi/4.4.1/thumb2\libgcc.a(_arm_fixdfsi.o)
                0x0800c988                __aeabi_d2iz
                0x0800c988                __fixdfsi
 .text          0x0800c9d8      0x21c c:/program files (x86)/codesourcery/sourcery g++ lite/bin/../lib/gcc/arm-none-eabi/4.4.1/thumb2\libgcc.a(_arm_addsubsf3.o)
                0x0800c9d8                __aeabi_frsub
                0x0800c9e0                __subsf3
                0x0800c9e0                __aeabi_fsub
                0x0800c9e4                __aeabi_fadd
                0x0800c9e4                __addsf3
                0x0800cb44                __aeabi_ui2f
                0x0800cb44                __floatunsisf
                0x0800cb4c                __aeabi_i2f
                0x0800cb4c                __floatsisf
                0x0800cb68                __aeabi_ul2f
                0x0800cb68                __floatundisf
                0x0800cb78                __aeabi_l2f
                0x0800cb78                __floatdisf
 .text          0x0800cbf4       0x4c c:/program files (x86)/codesourcery/sourcery g++ lite/bin/../lib/gcc/arm-none-eabi/4.4.1/thumb2\libgcc.a(_arm_fixsfsi.o)
                0x0800cbf4                __aeabi_f2iz
                0x0800cbf4                __fixsfsi
 .text          0x0800cc40       0x2c c:/program files (x86)/codesourcery/sourcery g++ lite/bin/../lib/gcc/arm-none-eabi/4.4.1/thumb2\libgcc.a(_aeabi_uldivmod.o)
                0x0800cc40                __aeabi_uldivmod
 .text          0x0800cc6c       0x58 c:/program files (x86)/codesourcery/sourcery g++ lite/bin/../lib/gcc/arm-none-eabi/4.4.1/thumb2\libgcc.a(bpabi.o)
                0x0800cc6c                __gnu_uldivmod_helper
                0x0800cc98                __gnu_ldivmod_helper
 .text          0x0800ccc4      0x364 c:/program files (x86)/codesourcery/sourcery g++ lite/bin/../lib/gcc/arm-none-eabi/4.4.1/thumb2\libgcc.a(_divdi3.o)
                0x0800ccc4                __divdi3
 .text          0x0800d028      0x300 c:/program files (x86)/codesourcery/sourcery g++ lite/bin/../lib/gcc/arm-none-eabi/4.4.1/thumb2\libgcc.a(_udivdi3.o)
                0x0800d028                __udivdi3
 *(.text*)
 .text.Reset_Handler
                0x0800d328       0x48 startup\startup_stm32f4xx.o
                0x0800d328                Reset_Handler
 .text.Default_Handler
                0x0800d370        0x2 startup\startup_stm32f4xx.o
                0x0800d370                RTC_Alarm_IRQHandler
                0x0800d370                HASH_RNG_IRQHandler
                0x0800d370                EXTI2_IRQHandler
                0x0800d370                TIM8_CC_IRQHandler
                0x0800d370                TIM1_CC_IRQHandler
                0x0800d370                DMA2_Stream5_IRQHandler
                0x0800d370                DMA1_Stream5_IRQHandler
                0x0800d370                PVD_IRQHandler
                0x0800d370                SDIO_IRQHandler
                0x0800d370                TAMP_STAMP_IRQHandler
                0x0800d370                CAN2_RX1_IRQHandler
                0x0800d370                EXTI3_IRQHandler
                0x0800d370                TIM8_TRG_COM_TIM14_IRQHandler
                0x0800d370                TIM1_UP_TIM10_IRQHandler
                0x0800d370                TIM8_UP_TIM13_IRQHandler
                0x0800d370                I2C3_ER_IRQHandler
                0x0800d370                EXTI0_IRQHandler
                0x0800d370                I2C2_EV_IRQHandler
                0x0800d370                DMA1_Stream2_IRQHandler
                0x0800d370                CAN1_RX0_IRQHandler
                0x0800d370                FPU_IRQHandler
                0x0800d370                OTG_HS_WKUP_IRQHandler
                0x0800d370                CAN2_SCE_IRQHandler
                0x0800d370                DMA2_Stream2_IRQHandler
                0x0800d370                SPI1_IRQHandler
                0x0800d370                TIM6_DAC_IRQHandler
                0x0800d370                TIM1_BRK_TIM9_IRQHandler
                0x0800d370                DCMI_IRQHandler
                0x0800d370                CAN2_RX0_IRQHandler
                0x0800d370                DMA2_Stream3_IRQHandler
                0x0800d370                USART6_IRQHandler
                0x0800d370                CRYP_IRQHandler
                0x0800d370                CAN1_RX1_IRQHandler
                0x0800d370                UART5_IRQHandler
                0x0800d370                DMA2_Stream0_IRQHandler
                0x0800d370                TIM4_IRQHandler
                0x0800d370                I2C1_EV_IRQHandler
                0x0800d370                DMA1_Stream6_IRQHandler
                0x0800d370                DMA1_Stream1_IRQHandler
                0x0800d370                UART4_IRQHandler
                0x0800d370                TIM3_IRQHandler
                0x0800d370                RCC_IRQHandler
                0x0800d370                TIM8_BRK_TIM12_IRQHandler
                0x0800d370                Default_Handler
                0x0800d370                EXTI15_10_IRQHandler
                0x0800d370                ADC_IRQHandler
                0x0800d370                DMA1_Stream7_IRQHandler
                0x0800d370                TIM7_IRQHandler
                0x0800d370                CAN2_TX_IRQHandler
                0x0800d370                TIM5_IRQHandler
                0x0800d370                DMA2_Stream7_IRQHandler
                0x0800d370                I2C3_EV_IRQHandler
                0x0800d370                EXTI9_5_IRQHandler
                0x0800d370                RTC_WKUP_IRQHandler
                0x0800d370                ETH_WKUP_IRQHandler
                0x0800d370                SPI2_IRQHandler
                0x0800d370                OTG_HS_EP1_IN_IRQHandler
                0x0800d370                DMA1_Stream0_IRQHandler
                0x0800d370                CAN1_TX_IRQHandler
                0x0800d370                EXTI4_IRQHandler
                0x0800d370                FSMC_IRQHandler
                0x0800d370                ETH_IRQHandler
                0x0800d370                OTG_HS_EP1_OUT_IRQHandler
                0x0800d370                WWDG_IRQHandler
                0x0800d370                TIM2_IRQHandler
                0x0800d370                OTG_FS_WKUP_IRQHandler
                0x0800d370                TIM1_TRG_COM_TIM11_IRQHandler
                0x0800d370                OTG_HS_IRQHandler
                0x0800d370                EXTI1_IRQHandler
                0x0800d370                USART2_IRQHandler
                0x0800d370                I2C2_ER_IRQHandler
                0x0800d370                DMA2_Stream1_IRQHandler
                0x0800d370                CAN1_SCE_IRQHandler
                0x0800d370                FLASH_IRQHandler
                0x0800d370                DMA2_Stream4_IRQHandler
                0x0800d370                USART1_IRQHandler
                0x0800d370                OTG_FS_IRQHandler
                0x0800d370                SPI3_IRQHandler
                0x0800d370                DMA1_Stream4_IRQHandler
                0x0800d370                I2C1_ER_IRQHandler
                0x0800d370                DMA2_Stream6_IRQHandler
                0x0800d370                DMA1_Stream3_IRQHandler
 *(.rodata)
 *fill*         0x0800d372        0x2 00
 .rodata        0x0800d374    0x4c7c4 User\main.o
                0x0800d474                pic_clock3_png
                0x0800f094                pic_sett3_png
                0x08010cb4                pic_switch3_png
                0x080128d4                pic_i_png
                0x08014514                ASCII16x24
                0x08015cd4                ASCII12x12
                0x08016d40                pic_arrL3_png
                0x08018960                pic_auto_png
                0x0801a580                pic_on_png
                0x0801c1a0                pic_off_png
                0x0801de38                msg_INFO_TITLE
                0x0801de44                msg_INFO
                0x0801de60                msg_YEAR
                0x0801de68                msg_VERSION
                0x0801de90                msg_SetTime
                0x0801dea0                msg_URA
                0x0801dea8                msg_MINUTE
                0x0801deb0                pic_arrow_up_60x60_jpg
                0x0801fad0                pic_arrow_down_60x60_jpg
                0x080216f0                pic_cancel_60x60_jpg
                0x08023310                pic_ok_60x60_jpg
                0x08024f6c                msg_OK
                0x08024f70                msg_CANCEL
                0x08024f78                pic_facebook_60x60_jpg
                0x08026b98                pic_return_60x60_jpg
                0x080287b8                pic_info1_60x60_jpg
                0x0802a3d8                pic_clock3_60x60_jpg
                0x0802bff8                pic_sett4_60x60_jpg
                0x0802dc18                pic_hiska240x180_jpg
                0x08042d98                pic_jalovec240x180_jpg
                0x08057f18                pic_a_png
 .rodata        0x08059b38       0x30 STM32F4-Discovery\stm32f4_discovery.o
                0x08059b38                GPIO_PIN
                0x08059b40                BUTTON_PIN
                0x08059b44                GPIO_CLK
                0x08059b54                BUTTON_CLK
                0x08059b58                BUTTON_PORT_SOURCE
                0x08059b5c                BUTTON_PIN_SOURCE
                0x08059b60                BUTTON_EXTI_LINE
                0x08059b64                BUTTON_IRQn
 .rodata        0x08059b68      0x2c8 RFID\rfid.o
                0x08059b68                RFIDValidCodes
                0x08059c9c                RFIDUserNames
 .rodata        0x08059e30       0x14 FreeRTOS\tasks.o
 .rodata        0x08059e44       0x20 c:/program files (x86)/codesourcery/sourcery g++ lite/bin/../lib/gcc/arm-none-eabi/4.4.1/../../../../arm-none-eabi/lib/thumb2\libc.a(lib_a-svfprintf.o)
 .rodata        0x08059e64       0x34 c:/program files (x86)/codesourcery/sourcery g++ lite/bin/../lib/gcc/arm-none-eabi/4.4.1/../../../../arm-none-eabi/lib/thumb2\libc.a(lib_a-locale.o)
 .rodata        0x08059e98      0x128 c:/program files (x86)/codesourcery/sourcery g++ lite/bin/../lib/gcc/arm-none-eabi/4.4.1/../../../../arm-none-eabi/lib/thumb2\libc.a(lib_a-mprec.o)
                0x08059e98                __mprec_tens
                0x08059f70                __mprec_bigtens
                0x08059f98                __mprec_tinytens
 *(.rodata*)
 .rodata.str1.1
                0x08059fc0      0x124 User\main.o
 .rodata.str1.1
                0x0805a0e4        0x5 RFID\rfid.o
 .rodata.str1.1
                0x0805a0e9        0x8 FreeRTOS\timers.o
 .rodata.str1.1
                0x0805a0f1       0x17 FreeRTOS\tasks.o
                                 0x1a (size before relaxing)
 .rodata.str1.4
                0x0805a108        0x2 c:/program files (x86)/codesourcery/sourcery g++ lite/bin/../lib/gcc/arm-none-eabi/4.4.1/../../../../arm-none-eabi/lib/thumb2\libc.a(lib_a-impure.o)
                                  0x4 (size before relaxing)
 *fill*         0x0805a10a        0x2 00
 .rodata.str1.4
                0x0805a10c       0x42 c:/program files (x86)/codesourcery/sourcery g++ lite/bin/../lib/gcc/arm-none-eabi/4.4.1/../../../../arm-none-eabi/lib/thumb2\libc.a(lib_a-svfprintf.o)
                                 0x44 (size before relaxing)
 *fill*         0x0805a14e        0x2 00
 .rodata.str1.4
                0x0805a150       0x10 c:/program files (x86)/codesourcery/sourcery g++ lite/bin/../lib/gcc/arm-none-eabi/4.4.1/../../../../arm-none-eabi/lib/thumb2\libc.a(lib_a-dtoa.o)
                                 0x14 (size before relaxing)
 .rodata.str1.4
                0x0805a160       0x10 c:/program files (x86)/codesourcery/sourcery g++ lite/bin/../lib/gcc/arm-none-eabi/4.4.1/../../../../arm-none-eabi/lib/thumb2\libc.a(lib_a-locale.o)
                                 0x18 (size before relaxing)
 *(.glue_7)
 .glue_7        0x00000000        0x0 linker stubs
 *(.glue_7t)
 .glue_7t       0x00000000        0x0 linker stubs
 *(.eh_frame)
 *(.init)
 .init          0x0805a170        0x4 c:/program files (x86)/codesourcery/sourcery g++ lite/bin/../lib/gcc/arm-none-eabi/4.4.1/thumb2/crti.o
                0x0805a170                _init
 .init          0x0805a174        0x8 c:/program files (x86)/codesourcery/sourcery g++ lite/bin/../lib/gcc/arm-none-eabi/4.4.1/thumb2/crtn.o
 *(.fini)
 .fini          0x0805a17c        0x4 c:/program files (x86)/codesourcery/sourcery g++ lite/bin/../lib/gcc/arm-none-eabi/4.4.1/thumb2/crti.o
                0x0805a17c                _fini
 .fini          0x0805a180        0x8 c:/program files (x86)/codesourcery/sourcery g++ lite/bin/../lib/gcc/arm-none-eabi/4.4.1/thumb2/crtn.o
                0x0805a188                . = ALIGN (0x4)
                0x0805a188                _etext = .

.vfp11_veneer   0x0805a188        0x0
 .vfp11_veneer  0x00000000        0x0 linker stubs

.v4_bx          0x0805a188        0x0
 .v4_bx         0x00000000        0x0 linker stubs

.ARM.extab
 *(.ARM.extab* .gnu.linkonce.armextab.*)

.ARM            0x0805a188        0x8
                0x0805a188                __exidx_start = .
 *(.ARM.exidx*)
 .ARM.exidx     0x0805a188        0x8 c:/program files (x86)/codesourcery/sourcery g++ lite/bin/../lib/gcc/arm-none-eabi/4.4.1/thumb2\libgcc.a(_divdi3.o)
 .ARM.exidx     0x0805a190        0x0 c:/program files (x86)/codesourcery/sourcery g++ lite/bin/../lib/gcc/arm-none-eabi/4.4.1/thumb2\libgcc.a(_udivdi3.o)
                                  0x8 (size before relaxing)
                0x0805a190                __exidx_end = .

.preinit_array  0x0805a190        0x0
                0x0805a190                PROVIDE (__preinit_array_start, .)
 *(.preinit_array*)
                0x0805a190                PROVIDE (__preinit_array_end, .)

.init_array     0x0805a190        0x4
                0x0805a190                PROVIDE (__init_array_start, .)
 *(SORT(.init_array.*))
 *(.init_array*)
 .init_array    0x0805a190        0x4 c:/program files (x86)/codesourcery/sourcery g++ lite/bin/../lib/gcc/arm-none-eabi/4.4.1/thumb2/crtbegin.o
                0x0805a194                PROVIDE (__init_array_end, .)

.fini_array     0x0805a194        0x4
                0x0805a194                PROVIDE (__fini_array_start, .)
 *(.fini_array*)
 .fini_array    0x0805a194        0x4 c:/program files (x86)/codesourcery/sourcery g++ lite/bin/../lib/gcc/arm-none-eabi/4.4.1/thumb2/crtbegin.o
 *(SORT(.fini_array.*))
                0x0805a198                PROVIDE (__fini_array_end, .)
                0x0805a198                _sidata = .

.data           0x20000000      0x5f0 load address 0x0805a198
                0x20000000                . = ALIGN (0x4)
                0x20000000                _sdata = .
 *(.data)
 .data          0x20000000       0x14 User\system_stm32f4xx.o
                0x20000000                SystemCoreClock
                0x20000004                AHBPrescTable
 *fill*         0x20000014        0x4 00
 .data          0x20000018       0xa0 User\main.o
                0x20000018                BackColor
                0x2000001a                asciisize
                0x2000001c                pFsRelays
                0x2000003c                piRelays
                0x20000050                iRomAddress
                0x20000078                selectedRelay
                0x2000007c                matrix
                0x20000098                xDrawSetTimeScreen
                0x2000009c                DisplaySample
                0x200000b4                ab
 .data          0x200000b8       0x10 STM32F4xx_StdPeriph_Driver\src\stm32f4xx_rcc.o
 .data          0x200000c8       0x14 STM32F4-Discovery\stm32f4_discovery.o
                0x200000c8                GPIO_PORT
                0x200000d8                BUTTON_PORT
 .data          0x200000dc        0x4 RFID\rfid.o
                0x200000dc                userID
 .data          0x200000e0        0x4 FreeRTOS\tasks.o
 .data          0x200000e4        0x4 FreeRTOS\portable\port.o
 .data          0x200000e8        0x4 FreeRTOS\portable\heap_2.o
 .data          0x200000ec       0xf4 c:/program files (x86)/codesourcery/sourcery g++ lite/bin/../lib/gcc/arm-none-eabi/4.4.1/../../../../arm-none-eabi/lib/thumb2\libc.a(lib_a-impure.o)
                0x200000ec                _impure_ptr
 .data          0x200001e0      0x410 c:/program files (x86)/codesourcery/sourcery g++ lite/bin/../lib/gcc/arm-none-eabi/4.4.1/../../../../arm-none-eabi/lib/thumb2\libc.a(lib_a-mallocr.o)
                0x200001e0                __malloc_av_
                0x200005e8                __malloc_sbrk_base
                0x200005ec                __malloc_trim_threshold
 *(.data*)
                0x200005f0                . = ALIGN (0x4)
                0x200005f0                _edata = .

.jcr            0x200005f0        0x0 load address 0x0805a788
 .jcr           0x200005f0        0x0 c:/program files (x86)/codesourcery/sourcery g++ lite/bin/../lib/gcc/arm-none-eabi/4.4.1/thumb2/crtbegin.o
                0x200005f0                . = ALIGN (0x4)

.bss            0x200005f0    0x12fdc load address 0x0805a788
                0x200005f0                _sbss = .
                0x200005f0                __bss_start__ = _sbss
 *(.bss)
 .bss           0x200005f0        0x1 c:/program files (x86)/codesourcery/sourcery g++ lite/bin/../lib/gcc/arm-none-eabi/4.4.1/thumb2/crtbegin.o
 *fill*         0x200005f1        0x3 00
 .bss           0x200005f4        0x4 Utils\syscalls-stubs.o
 .bss           0x200005f8        0x6 Utils\retarget.o
 *fill*         0x200005fe        0x2 00
 .bss           0x20000600       0x48 User\main.o
                0x20000600                TextColor
                0x2000061a                fSystemTask
                0x2000061c                pStatusRelays
                0x20000630                TimerPeriod
                0x20000632                Channel3Pulse
 .bss           0x20000648       0x10 RFID\rfid.o
                0x2000064c                nStartReadRFIDTransponder
                0x2000064d                nLFReceived
                0x2000064e                nCRReceived
                0x20000650                nDataCount
 .bss           0x20000658       0x38 FreeRTOS\timers.o
 .bss           0x20000690      0x150 FreeRTOS\tasks.o
                0x2000069c                pxCurrentTCB
 .bss           0x200007e0    0x12c18 FreeRTOS\portable\heap_2.o
 .bss           0x200133f8       0x34 c:/program files (x86)/codesourcery/sourcery g++ lite/bin/../lib/gcc/arm-none-eabi/4.4.1/../../../../arm-none-eabi/lib/thumb2\libc.a(lib_a-mallocr.o)
                0x200133f8                __malloc_top_pad
                0x200133fc                __malloc_current_mallinfo
                0x20013424                __malloc_max_sbrked_mem
                0x20013428                __malloc_max_total_mem
 *(.bss*)
 *(COMMON)
 COMMON         0x2001342c      0x140 User\main.o
                0x2001342c                faBoilerRelay
                0x20013434                xTimerFunctionHandle
                0x20013438                b
                0x2001343c                TIM_TimeBaseStructure
                0x20013448                pTime_data
                0x20013488                xSystemFunctionHandle
                0x2001348c                xLCDScreenState
                0x20013490                display
                0x20013498                switchTimeFormat
                0x2001349c                faBathroomRelay
                0x200134a4                halfsec_elapsed
                0x200134a8                xScreenSaverHandle
                0x200134ac                faGroundRelay
                0x200134b4                sec_elapsed
                0x200134b8                TIM_OCInitStructure
                0x200134cc                ScreenSample
                0x200134e4                time_temp
                0x200134f8                faSensorAlive
                0x20013500                time
                0x20013514                xLCDQueue
                0x20013518                GPIO_InitStructure
                0x20013520                iTemperature
                0x20013534                faResetRelay
                0x2001353c                faAtticRelay
                0x20013544                faHeatRelay
                0x2001354c                a
                0x20013550                xRefreshHandle
                0x20013554                faSystemConditions
                0x2001355c                faFurnaceRelay
                0x20013564                faFloorRelay
 COMMON         0x2001356c       0x1c RFID\rfid.o
                0x2001356c                RFIDTagCode
 COMMON         0x20013588       0x40 FreeRTOS\queue.o
                0x20013588                xQueueRegistry
 COMMON         0x200135c8        0x4 c:/program files (x86)/codesourcery/sourcery g++ lite/bin/../lib/gcc/arm-none-eabi/4.4.1/../../../../arm-none-eabi/lib/thumb2\libc.a(lib_a-reent.o)
                0x200135c8                errno
                0x200135cc                . = ALIGN (0x4)
                0x200135cc                _ebss = .
                0x200135cc                __bss_end__ = _ebss

._user_heap_stack
                0x200135cc      0x400 load address 0x0806d764
                0x200135cc                . = ALIGN (0x4)
                0x200135cc                PROVIDE (end, .)
                0x200135cc                PROVIDE (_end, .)
                0x200135cc                . = (. + _Min_Heap_Size)
                0x200139cc                . = (. + _Min_Stack_Size)
 *fill*         0x200135cc      0x400 00
                0x200139cc                . = ALIGN (0x4)

.memory_b1_text
 *(.mb1text)
 *(.mb1text*)
 *(.mb1rodata)
 *(.mb1rodata*)

/DISCARD/
 libc.a(*)
 libm.a(*)
 libgcc.a(*)

.ARM.attributes
                0x00000000       0x2d
 *(.ARM.attributes)
 .ARM.attributes
                0x00000000       0x19 c:/program files (x86)/codesourcery/sourcery g++ lite/bin/../lib/gcc/arm-none-eabi/4.4.1/thumb2/crti.o
 .ARM.attributes
                0x00000019       0x29 c:/program files (x86)/codesourcery/sourcery g++ lite/bin/../lib/gcc/arm-none-eabi/4.4.1/thumb2/crtbegin.o
 .ARM.attributes
                0x00000042       0x21 startup\startup_stm32f4xx.o
 .ARM.attributes
                0x00000063       0x31 Utils\timetemp.o
 .ARM.attributes
                0x00000094       0x31 Utils\syscalls-stubs.o
 .ARM.attributes
                0x000000c5       0x31 Utils\retarget.o
 .ARM.attributes
                0x000000f6       0x31 Utils\itoa.o
 .ARM.attributes
                0x00000127       0x31 User\system_stm32f4xx.o
 .ARM.attributes
                0x00000158       0x31 User\stm32f4xx_it.o
 .ARM.attributes
                0x00000189       0x31 User\main.o
 .ARM.attributes
                0x000001ba       0x31 STM32F4xx_StdPeriph_Driver\src\stm32f4xx_wwdg.o
 .ARM.attributes
                0x000001eb       0x31 STM32F4xx_StdPeriph_Driver\src\stm32f4xx_usart.o
 .ARM.attributes
                0x0000021c       0x31 STM32F4xx_StdPeriph_Driver\src\stm32f4xx_tim.o
 .ARM.attributes
                0x0000024d       0x31 STM32F4xx_StdPeriph_Driver\src\stm32f4xx_syscfg.o
 .ARM.attributes
                0x0000027e       0x31 STM32F4xx_StdPeriph_Driver\src\stm32f4xx_spi.o
 .ARM.attributes
                0x000002af       0x31 STM32F4xx_StdPeriph_Driver\src\stm32f4xx_sdio.o
 .ARM.attributes
                0x000002e0       0x31 STM32F4xx_StdPeriph_Driver\src\stm32f4xx_rtc.o
 .ARM.attributes
                0x00000311       0x31 STM32F4xx_StdPeriph_Driver\src\stm32f4xx_rng.o
 .ARM.attributes
                0x00000342       0x31 STM32F4xx_StdPeriph_Driver\src\stm32f4xx_rcc.o
 .ARM.attributes
                0x00000373       0x31 STM32F4xx_StdPeriph_Driver\src\stm32f4xx_pwr.o
 .ARM.attributes
                0x000003a4       0x31 STM32F4xx_StdPeriph_Driver\src\stm32f4xx_iwdg.o
 .ARM.attributes
                0x000003d5       0x31 STM32F4xx_StdPeriph_Driver\src\stm32f4xx_i2c.o
 .ARM.attributes
                0x00000406       0x31 STM32F4xx_StdPeriph_Driver\src\stm32f4xx_hash_sha1.o
 .ARM.attributes
                0x00000437       0x31 STM32F4xx_StdPeriph_Driver\src\stm32f4xx_hash_md5.o
 .ARM.attributes
                0x00000468       0x31 STM32F4xx_StdPeriph_Driver\src\stm32f4xx_hash.o
 .ARM.attributes
                0x00000499       0x31 STM32F4xx_StdPeriph_Driver\src\stm32f4xx_gpio.o
 .ARM.attributes
                0x000004ca       0x31 STM32F4xx_StdPeriph_Driver\src\stm32f4xx_fsmc.o
 .ARM.attributes
                0x000004fb       0x31 STM32F4xx_StdPeriph_Driver\src\stm32f4xx_flash.o
 .ARM.attributes
                0x0000052c       0x31 STM32F4xx_StdPeriph_Driver\src\stm32f4xx_exti.o
 .ARM.attributes
                0x0000055d       0x31 STM32F4xx_StdPeriph_Driver\src\stm32f4xx_dma.o
 .ARM.attributes
                0x0000058e       0x31 STM32F4xx_StdPeriph_Driver\src\stm32f4xx_dcmi.o
 .ARM.attributes
                0x000005bf       0x31 STM32F4xx_StdPeriph_Driver\src\stm32f4xx_dbgmcu.o
 .ARM.attributes
                0x000005f0       0x31 STM32F4xx_StdPeriph_Driver\src\stm32f4xx_dac.o
 .ARM.attributes
                0x00000621       0x31 STM32F4xx_StdPeriph_Driver\src\stm32f4xx_cryp_tdes.o
 .ARM.attributes
                0x00000652       0x31 STM32F4xx_StdPeriph_Driver\src\stm32f4xx_cryp_des.o
 .ARM.attributes
                0x00000683       0x31 STM32F4xx_StdPeriph_Driver\src\stm32f4xx_cryp_aes.o
 .ARM.attributes
                0x000006b4       0x31 STM32F4xx_StdPeriph_Driver\src\stm32f4xx_cryp.o
 .ARM.attributes
                0x000006e5       0x31 STM32F4xx_StdPeriph_Driver\src\stm32f4xx_crc.o
 .ARM.attributes
                0x00000716       0x31 STM32F4xx_StdPeriph_Driver\src\stm32f4xx_can.o
 .ARM.attributes
                0x00000747       0x31 STM32F4xx_StdPeriph_Driver\src\stm32f4xx_adc.o
 .ARM.attributes
                0x00000778       0x31 STM32F4xx_StdPeriph_Driver\src\misc.o
 .ARM.attributes
                0x000007a9       0x31 STM32F4-Discovery\stm32f4_discovery.o
 .ARM.attributes
                0x000007da       0x31 RFID\rfid.o
 .ARM.attributes
                0x0000080b       0x31 I2C-DS1621\I2C-DS1621.o
 .ARM.attributes
                0x0000083c       0x31 FreeRTOS\timers.o
 .ARM.attributes
                0x0000086d       0x31 FreeRTOS\tasks.o
 .ARM.attributes
                0x0000089e       0x31 FreeRTOS\queue.o
 .ARM.attributes
                0x000008cf       0x31 FreeRTOS\portable\port.o
 .ARM.attributes
                0x00000900       0x31 FreeRTOS\portable\heap_2.o
 .ARM.attributes
                0x00000931       0x31 FreeRTOS\list.o
 .ARM.attributes
                0x00000962       0x31 FreeRTOS\croutine.o
 .ARM.attributes
                0x00000993       0x31 DS1307\DS1307.o
 .ARM.attributes
                0x000009c4       0x29 c:/program files (x86)/codesourcery/sourcery g++ lite/bin/../lib/gcc/arm-none-eabi/4.4.1/../../../../arm-none-eabi/lib/thumb2\libc.a(lib_a-errno.o)
 .ARM.attributes
                0x000009ed       0x29 c:/program files (x86)/codesourcery/sourcery g++ lite/bin/../lib/gcc/arm-none-eabi/4.4.1/../../../../arm-none-eabi/lib/thumb2\libc.a(lib_a-impure.o)
 .ARM.attributes
                0x00000a16       0x29 c:/program files (x86)/codesourcery/sourcery g++ lite/bin/../lib/gcc/arm-none-eabi/4.4.1/../../../../arm-none-eabi/lib/thumb2\libc.a(lib_a-init.o)
 .ARM.attributes
                0x00000a3f       0x29 c:/program files (x86)/codesourcery/sourcery g++ lite/bin/../lib/gcc/arm-none-eabi/4.4.1/../../../../arm-none-eabi/lib/thumb2\libc.a(lib_a-memcmp.o)
 .ARM.attributes
                0x00000a68       0x29 c:/program files (x86)/codesourcery/sourcery g++ lite/bin/../lib/gcc/arm-none-eabi/4.4.1/../../../../arm-none-eabi/lib/thumb2\libc.a(lib_a-memcpy.o)
 .ARM.attributes
                0x00000a91       0x29 c:/program files (x86)/codesourcery/sourcery g++ lite/bin/../lib/gcc/arm-none-eabi/4.4.1/../../../../arm-none-eabi/lib/thumb2\libc.a(lib_a-memset.o)
 .ARM.attributes
                0x00000aba       0x29 c:/program files (x86)/codesourcery/sourcery g++ lite/bin/../lib/gcc/arm-none-eabi/4.4.1/../../../../arm-none-eabi/lib/thumb2\libc.a(lib_a-sprintf.o)
 .ARM.attributes
                0x00000ae3       0x29 c:/program files (x86)/codesourcery/sourcery g++ lite/bin/../lib/gcc/arm-none-eabi/4.4.1/../../../../arm-none-eabi/lib/thumb2\libc.a(lib_a-strcat.o)
 .ARM.attributes
                0x00000b0c       0x29 c:/program files (x86)/codesourcery/sourcery g++ lite/bin/../lib/gcc/arm-none-eabi/4.4.1/../../../../arm-none-eabi/lib/thumb2\libc.a(lib_a-strcpy.o)
 .ARM.attributes
                0x00000b35       0x29 c:/program files (x86)/codesourcery/sourcery g++ lite/bin/../lib/gcc/arm-none-eabi/4.4.1/../../../../arm-none-eabi/lib/thumb2\libc.a(lib_a-strlen.o)
 .ARM.attributes
                0x00000b5e       0x29 c:/program files (x86)/codesourcery/sourcery g++ lite/bin/../lib/gcc/arm-none-eabi/4.4.1/../../../../arm-none-eabi/lib/thumb2\libc.a(lib_a-strncpy.o)
 .ARM.attributes
                0x00000b87       0x29 c:/program files (x86)/codesourcery/sourcery g++ lite/bin/../lib/gcc/arm-none-eabi/4.4.1/../../../../arm-none-eabi/lib/thumb2\libc.a(lib_a-svfprintf.o)
 .ARM.attributes
                0x00000bb0       0x29 c:/program files (x86)/codesourcery/sourcery g++ lite/bin/../lib/gcc/arm-none-eabi/4.4.1/../../../../arm-none-eabi/lib/thumb2\libc.a(lib_a-dtoa.o)
 .ARM.attributes
                0x00000bd9       0x29 c:/program files (x86)/codesourcery/sourcery g++ lite/bin/../lib/gcc/arm-none-eabi/4.4.1/../../../../arm-none-eabi/lib/thumb2\libc.a(lib_a-freer.o)
 .ARM.attributes
                0x00000c02       0x29 c:/program files (x86)/codesourcery/sourcery g++ lite/bin/../lib/gcc/arm-none-eabi/4.4.1/../../../../arm-none-eabi/lib/thumb2\libc.a(lib_a-locale.o)
 .ARM.attributes
                0x00000c2b       0x29 c:/program files (x86)/codesourcery/sourcery g++ lite/bin/../lib/gcc/arm-none-eabi/4.4.1/../../../../arm-none-eabi/lib/thumb2\libc.a(lib_a-malloc.o)
 .ARM.attributes
                0x00000c54       0x29 c:/program files (x86)/codesourcery/sourcery g++ lite/bin/../lib/gcc/arm-none-eabi/4.4.1/../../../../arm-none-eabi/lib/thumb2\libc.a(lib_a-mallocr.o)
 .ARM.attributes
                0x00000c7d       0x29 c:/program files (x86)/codesourcery/sourcery g++ lite/bin/../lib/gcc/arm-none-eabi/4.4.1/../../../../arm-none-eabi/lib/thumb2\libc.a(lib_a-memchr.o)
 .ARM.attributes
                0x00000ca6       0x29 c:/program files (x86)/codesourcery/sourcery g++ lite/bin/../lib/gcc/arm-none-eabi/4.4.1/../../../../arm-none-eabi/lib/thumb2\libc.a(lib_a-memmove.o)
 .ARM.attributes
                0x00000ccf       0x29 c:/program files (x86)/codesourcery/sourcery g++ lite/bin/../lib/gcc/arm-none-eabi/4.4.1/../../../../arm-none-eabi/lib/thumb2\libc.a(lib_a-mlock.o)
 .ARM.attributes
                0x00000cf8       0x29 c:/program files (x86)/codesourcery/sourcery g++ lite/bin/../lib/gcc/arm-none-eabi/4.4.1/../../../../arm-none-eabi/lib/thumb2\libc.a(lib_a-mprec.o)
 .ARM.attributes
                0x00000d21       0x29 c:/program files (x86)/codesourcery/sourcery g++ lite/bin/../lib/gcc/arm-none-eabi/4.4.1/../../../../arm-none-eabi/lib/thumb2\libc.a(lib_a-reallocr.o)
 .ARM.attributes
                0x00000d4a       0x29 c:/program files (x86)/codesourcery/sourcery g++ lite/bin/../lib/gcc/arm-none-eabi/4.4.1/../../../../arm-none-eabi/lib/thumb2\libc.a(lib_a-s_isinfd.o)
 .ARM.attributes
                0x00000d73       0x29 c:/program files (x86)/codesourcery/sourcery g++ lite/bin/../lib/gcc/arm-none-eabi/4.4.1/../../../../arm-none-eabi/lib/thumb2\libc.a(lib_a-s_isnand.o)
 .ARM.attributes
                0x00000d9c       0x29 c:/program files (x86)/codesourcery/sourcery g++ lite/bin/../lib/gcc/arm-none-eabi/4.4.1/../../../../arm-none-eabi/lib/thumb2\libc.a(lib_a-sbrkr.o)
 .ARM.attributes
                0x00000dc5       0x29 c:/program files (x86)/codesourcery/sourcery g++ lite/bin/../lib/gcc/arm-none-eabi/4.4.1/../../../../arm-none-eabi/lib/thumb2\libc.a(lib_a-strcmp.o)
 .ARM.attributes
                0x00000dee       0x29 c:/program files (x86)/codesourcery/sourcery g++ lite/bin/../lib/gcc/arm-none-eabi/4.4.1/../../../../arm-none-eabi/lib/thumb2\libc.a(lib_a-callocr.o)
 .ARM.attributes
                0x00000e17       0x29 c:/program files (x86)/codesourcery/sourcery g++ lite/bin/../lib/gcc/arm-none-eabi/4.4.1/../../../../arm-none-eabi/lib/thumb2\libc.a(lib_a-reent.o)
 .ARM.attributes
                0x00000e40       0x1b c:/program files (x86)/codesourcery/sourcery g++ lite/bin/../lib/gcc/arm-none-eabi/4.4.1/thumb2\libgcc.a(_udivsi3.o)
 .ARM.attributes
                0x00000e5b       0x1b c:/program files (x86)/codesourcery/sourcery g++ lite/bin/../lib/gcc/arm-none-eabi/4.4.1/thumb2\libgcc.a(_dvmd_tls.o)
 .ARM.attributes
                0x00000e76       0x1b c:/program files (x86)/codesourcery/sourcery g++ lite/bin/../lib/gcc/arm-none-eabi/4.4.1/thumb2\libgcc.a(_arm_addsubdf3.o)
 .ARM.attributes
                0x00000e91       0x1b c:/program files (x86)/codesourcery/sourcery g++ lite/bin/../lib/gcc/arm-none-eabi/4.4.1/thumb2\libgcc.a(_arm_muldivdf3.o)
 .ARM.attributes
                0x00000eac       0x1b c:/program files (x86)/codesourcery/sourcery g++ lite/bin/../lib/gcc/arm-none-eabi/4.4.1/thumb2\libgcc.a(_arm_cmpdf2.o)
 .ARM.attributes
                0x00000ec7       0x1b c:/program files (x86)/codesourcery/sourcery g++ lite/bin/../lib/gcc/arm-none-eabi/4.4.1/thumb2\libgcc.a(_arm_fixdfsi.o)
 .ARM.attributes
                0x00000ee2       0x1b c:/program files (x86)/codesourcery/sourcery g++ lite/bin/../lib/gcc/arm-none-eabi/4.4.1/thumb2\libgcc.a(_arm_addsubsf3.o)
 .ARM.attributes
                0x00000efd       0x1b c:/program files (x86)/codesourcery/sourcery g++ lite/bin/../lib/gcc/arm-none-eabi/4.4.1/thumb2\libgcc.a(_arm_fixsfsi.o)
 .ARM.attributes
                0x00000f18       0x1b c:/program files (x86)/codesourcery/sourcery g++ lite/bin/../lib/gcc/arm-none-eabi/4.4.1/thumb2\libgcc.a(_aeabi_uldivmod.o)
 .ARM.attributes
                0x00000f33       0x29 c:/program files (x86)/codesourcery/sourcery g++ lite/bin/../lib/gcc/arm-none-eabi/4.4.1/thumb2\libgcc.a(bpabi.o)
 .ARM.attributes
                0x00000f5c       0x29 c:/program files (x86)/codesourcery/sourcery g++ lite/bin/../lib/gcc/arm-none-eabi/4.4.1/thumb2\libgcc.a(_divdi3.o)
 .ARM.attributes
                0x00000f85       0x29 c:/program files (x86)/codesourcery/sourcery g++ lite/bin/../lib/gcc/arm-none-eabi/4.4.1/thumb2\libgcc.a(_udivdi3.o)
 .ARM.attributes
                0x00000fae       0x29 c:/program files (x86)/codesourcery/sourcery g++ lite/bin/../lib/gcc/arm-none-eabi/4.4.1/thumb2/crtend.o
 .ARM.attributes
                0x00000fd7       0x19 c:/program files (x86)/codesourcery/sourcery g++ lite/bin/../lib/gcc/arm-none-eabi/4.4.1/thumb2/crtn.o
OUTPUT(STM32F4-heating elf32-littlearm)

.debug_abbrev   0x00000000     0x546f
 .debug_abbrev  0x00000000       0xc6 Utils\timetemp.o
 .debug_abbrev  0x000000c6      0x176 Utils\syscalls-stubs.o
 .debug_abbrev  0x0000023c      0x186 Utils\retarget.o
 .debug_abbrev  0x000003c2       0xb4 Utils\itoa.o
 .debug_abbrev  0x00000476      0x160 User\system_stm32f4xx.o
 .debug_abbrev  0x000005d6       0x6f User\stm32f4xx_it.o
 .debug_abbrev  0x00000645      0x566 User\main.o
 .debug_abbrev  0x00000bab      0x171 STM32F4xx_StdPeriph_Driver\src\stm32f4xx_wwdg.o
 .debug_abbrev  0x00000d1c      0x193 STM32F4xx_StdPeriph_Driver\src\stm32f4xx_usart.o
 .debug_abbrev  0x00000eaf      0x21b STM32F4xx_StdPeriph_Driver\src\stm32f4xx_tim.o
 .debug_abbrev  0x000010ca      0x157 STM32F4xx_StdPeriph_Driver\src\stm32f4xx_syscfg.o
 .debug_abbrev  0x00001221      0x19e STM32F4xx_StdPeriph_Driver\src\stm32f4xx_spi.o
 .debug_abbrev  0x000013bf      0x1d3 STM32F4xx_StdPeriph_Driver\src\stm32f4xx_sdio.o
 .debug_abbrev  0x00001592      0x1cf STM32F4xx_StdPeriph_Driver\src\stm32f4xx_rtc.o
 .debug_abbrev  0x00001761      0x14f STM32F4xx_StdPeriph_Driver\src\stm32f4xx_rng.o
 .debug_abbrev  0x000018b0      0x21d STM32F4xx_StdPeriph_Driver\src\stm32f4xx_rcc.o
 .debug_abbrev  0x00001acd      0x19c STM32F4xx_StdPeriph_Driver\src\stm32f4xx_pwr.o
 .debug_abbrev  0x00001c69      0x112 STM32F4xx_StdPeriph_Driver\src\stm32f4xx_iwdg.o
 .debug_abbrev  0x00001d7b      0x1bb STM32F4xx_StdPeriph_Driver\src\stm32f4xx_i2c.o
 .debug_abbrev  0x00001f36      0x1f5 STM32F4xx_StdPeriph_Driver\src\stm32f4xx_hash_sha1.o
 .debug_abbrev  0x0000212b      0x1f5 STM32F4xx_StdPeriph_Driver\src\stm32f4xx_hash_md5.o
 .debug_abbrev  0x00002320      0x218 STM32F4xx_StdPeriph_Driver\src\stm32f4xx_hash.o
 .debug_abbrev  0x00002538      0x1f5 STM32F4xx_StdPeriph_Driver\src\stm32f4xx_gpio.o
 .debug_abbrev  0x0000272d      0x1d9 STM32F4xx_StdPeriph_Driver\src\stm32f4xx_fsmc.o
 .debug_abbrev  0x00002906      0x1ce STM32F4xx_StdPeriph_Driver\src\stm32f4xx_flash.o
 .debug_abbrev  0x00002ad4      0x1e1 STM32F4xx_StdPeriph_Driver\src\stm32f4xx_exti.o
 .debug_abbrev  0x00002cb5      0x1b2 STM32F4xx_StdPeriph_Driver\src\stm32f4xx_dma.o
 .debug_abbrev  0x00002e67      0x1b0 STM32F4xx_StdPeriph_Driver\src\stm32f4xx_dcmi.o
 .debug_abbrev  0x00003017       0xf4 STM32F4xx_StdPeriph_Driver\src\stm32f4xx_dbgmcu.o
 .debug_abbrev  0x0000310b      0x218 STM32F4xx_StdPeriph_Driver\src\stm32f4xx_dac.o
 .debug_abbrev  0x00003323      0x191 STM32F4xx_StdPeriph_Driver\src\stm32f4xx_cryp_tdes.o
 .debug_abbrev  0x000034b4      0x191 STM32F4xx_StdPeriph_Driver\src\stm32f4xx_cryp_des.o
 .debug_abbrev  0x00003645      0x256 STM32F4xx_StdPeriph_Driver\src\stm32f4xx_cryp_aes.o
 .debug_abbrev  0x0000389b      0x1c0 STM32F4xx_StdPeriph_Driver\src\stm32f4xx_cryp.o
 .debug_abbrev  0x00003a5b      0x130 STM32F4xx_StdPeriph_Driver\src\stm32f4xx_crc.o
 .debug_abbrev  0x00003b8b      0x221 STM32F4xx_StdPeriph_Driver\src\stm32f4xx_can.o
 .debug_abbrev  0x00003dac      0x1fc STM32F4xx_StdPeriph_Driver\src\stm32f4xx_adc.o
 .debug_abbrev  0x00003fa8      0x14d STM32F4xx_StdPeriph_Driver\src\misc.o
 .debug_abbrev  0x000040f5      0x187 STM32F4-Discovery\stm32f4_discovery.o
 .debug_abbrev  0x0000427c      0x20e RFID\rfid.o
 .debug_abbrev  0x0000448a      0x15b I2C-DS1621\I2C-DS1621.o
 .debug_abbrev  0x000045e5      0x22f FreeRTOS\timers.o
 .debug_abbrev  0x00004814      0x2a0 FreeRTOS\tasks.o
 .debug_abbrev  0x00004ab4      0x1fa FreeRTOS\queue.o
 .debug_abbrev  0x00004cae      0x193 FreeRTOS\portable\port.o
 .debug_abbrev  0x00004e41      0x1a6 FreeRTOS\portable\heap_2.o
 .debug_abbrev  0x00004fe7      0x114 FreeRTOS\list.o
 .debug_abbrev  0x000050fb      0x1f1 FreeRTOS\croutine.o
 .debug_abbrev  0x000052ec      0x183 DS1307\DS1307.o

.debug_info     0x00000000    0x192b3
 .debug_info    0x00000000      0x2a9 Utils\timetemp.o
 .debug_info    0x000002a9      0x539 Utils\syscalls-stubs.o
 .debug_info    0x000007e2      0x967 Utils\retarget.o
 .debug_info    0x00001149      0x13d Utils\itoa.o
 .debug_info    0x00001286      0x5cd User\system_stm32f4xx.o
 .debug_info    0x00001853      0x103 User\stm32f4xx_it.o
 .debug_info    0x00001956     0x3aa3 User\main.o
 .debug_info    0x000053f9      0x236 STM32F4xx_StdPeriph_Driver\src\stm32f4xx_wwdg.o
 .debug_info    0x0000562f      0x9f3 STM32F4xx_StdPeriph_Driver\src\stm32f4xx_usart.o
 .debug_info    0x00006022     0x1d5c STM32F4xx_StdPeriph_Driver\src\stm32f4xx_tim.o
 .debug_info    0x00007d7e      0x256 STM32F4xx_StdPeriph_Driver\src\stm32f4xx_syscfg.o
 .debug_info    0x00007fd4      0xb6a STM32F4xx_StdPeriph_Driver\src\stm32f4xx_spi.o
 .debug_info    0x00008b3e      0x850 STM32F4xx_StdPeriph_Driver\src\stm32f4xx_sdio.o
 .debug_info    0x0000938e     0x11c0 STM32F4xx_StdPeriph_Driver\src\stm32f4xx_rtc.o
 .debug_info    0x0000a54e      0x26c STM32F4xx_StdPeriph_Driver\src\stm32f4xx_rng.o
 .debug_info    0x0000a7ba      0xc93 STM32F4xx_StdPeriph_Driver\src\stm32f4xx_rcc.o
 .debug_info    0x0000b44d      0x4f2 STM32F4xx_StdPeriph_Driver\src\stm32f4xx_pwr.o
 .debug_info    0x0000b93f      0x1e7 STM32F4xx_StdPeriph_Driver\src\stm32f4xx_iwdg.o
 .debug_info    0x0000bb26      0xb13 STM32F4xx_StdPeriph_Driver\src\stm32f4xx_i2c.o
 .debug_info    0x0000c639      0x508 STM32F4xx_StdPeriph_Driver\src\stm32f4xx_hash_sha1.o
 .debug_info    0x0000cb41      0x4b7 STM32F4xx_StdPeriph_Driver\src\stm32f4xx_hash_md5.o
 .debug_info    0x0000cff8      0x54b STM32F4xx_StdPeriph_Driver\src\stm32f4xx_hash.o
 .debug_info    0x0000d543      0x608 STM32F4xx_StdPeriph_Driver\src\stm32f4xx_gpio.o
 .debug_info    0x0000db4b      0x92e STM32F4xx_StdPeriph_Driver\src\stm32f4xx_fsmc.o
 .debug_info    0x0000e479      0x73d STM32F4xx_StdPeriph_Driver\src\stm32f4xx_flash.o
 .debug_info    0x0000ebb6      0x346 STM32F4xx_StdPeriph_Driver\src\stm32f4xx_exti.o
 .debug_info    0x0000eefc      0x760 STM32F4xx_StdPeriph_Driver\src\stm32f4xx_dma.o
 .debug_info    0x0000f65c      0x55e STM32F4xx_StdPeriph_Driver\src\stm32f4xx_dcmi.o
 .debug_info    0x0000fbba      0x1d2 STM32F4xx_StdPeriph_Driver\src\stm32f4xx_dbgmcu.o
 .debug_info    0x0000fd8c      0x64d STM32F4xx_StdPeriph_Driver\src\stm32f4xx_dac.o
 .debug_info    0x000103d9      0x69a STM32F4xx_StdPeriph_Driver\src\stm32f4xx_cryp_tdes.o
 .debug_info    0x00010a73      0x532 STM32F4xx_StdPeriph_Driver\src\stm32f4xx_cryp_des.o
 .debug_info    0x00010fa5      0xd35 STM32F4xx_StdPeriph_Driver\src\stm32f4xx_cryp_aes.o
 .debug_info    0x00011cda      0x763 STM32F4xx_StdPeriph_Driver\src\stm32f4xx_cryp.o
 .debug_info    0x0001243d      0x1ef STM32F4xx_StdPeriph_Driver\src\stm32f4xx_crc.o
 .debug_info    0x0001262c      0xc1a STM32F4xx_StdPeriph_Driver\src\stm32f4xx_can.o
 .debug_info    0x00013246      0xc62 STM32F4xx_StdPeriph_Driver\src\stm32f4xx_adc.o
 .debug_info    0x00013ea8      0x55b STM32F4xx_StdPeriph_Driver\src\misc.o
 .debug_info    0x00014403      0x674 STM32F4-Discovery\stm32f4_discovery.o
 .debug_info    0x00014a77      0xadb RFID\rfid.o
 .debug_info    0x00015552      0x717 I2C-DS1621\I2C-DS1621.o
 .debug_info    0x00015c69      0x827 FreeRTOS\timers.o
 .debug_info    0x00016490     0x1125 FreeRTOS\tasks.o
 .debug_info    0x000175b5      0xad7 FreeRTOS\queue.o
 .debug_info    0x0001808c      0x263 FreeRTOS\portable\port.o
 .debug_info    0x000182ef      0x2d4 FreeRTOS\portable\heap_2.o
 .debug_info    0x000185c3      0x2cc FreeRTOS\list.o
 .debug_info    0x0001888f      0x51c FreeRTOS\croutine.o
 .debug_info    0x00018dab      0x508 DS1307\DS1307.o

.debug_line     0x00000000    0x13e29
 .debug_line    0x00000000      0x71b Utils\timetemp.o
 .debug_line    0x0000071b      0x807 Utils\syscalls-stubs.o
 .debug_line    0x00000f22      0x77d Utils\retarget.o
 .debug_line    0x0000169f      0x68e Utils\itoa.o
 .debug_line    0x00001d2d      0x4bb User\system_stm32f4xx.o
 .debug_line    0x000021e8      0x49d User\stm32f4xx_it.o
 .debug_line    0x00002685     0x1559 User\main.o
 .debug_line    0x00003bde      0x4c1 STM32F4xx_StdPeriph_Driver\src\stm32f4xx_wwdg.o
 .debug_line    0x0000409f      0x5dd STM32F4xx_StdPeriph_Driver\src\stm32f4xx_usart.o
 .debug_line    0x0000467c      0x8ce STM32F4xx_StdPeriph_Driver\src\stm32f4xx_tim.o
 .debug_line    0x00004f4a      0x4ba STM32F4xx_StdPeriph_Driver\src\stm32f4xx_syscfg.o
 .debug_line    0x00005404      0x59a STM32F4xx_StdPeriph_Driver\src\stm32f4xx_spi.o
 .debug_line    0x0000599e      0x56f STM32F4xx_StdPeriph_Driver\src\stm32f4xx_sdio.o
 .debug_line    0x00005f0d      0x793 STM32F4xx_StdPeriph_Driver\src\stm32f4xx_rtc.o
 .debug_line    0x000066a0      0x4c0 STM32F4xx_StdPeriph_Driver\src\stm32f4xx_rng.o
 .debug_line    0x00006b60      0x5d9 STM32F4xx_StdPeriph_Driver\src\stm32f4xx_rcc.o
 .debug_line    0x00007139      0x4fb STM32F4xx_StdPeriph_Driver\src\stm32f4xx_pwr.o
 .debug_line    0x00007634      0x4ad STM32F4xx_StdPeriph_Driver\src\stm32f4xx_iwdg.o
 .debug_line    0x00007ae1      0x5cb STM32F4xx_StdPeriph_Driver\src\stm32f4xx_i2c.o
 .debug_line    0x000080ac      0x5a5 STM32F4xx_StdPeriph_Driver\src\stm32f4xx_hash_sha1.o
 .debug_line    0x00008651      0x577 STM32F4xx_StdPeriph_Driver\src\stm32f4xx_hash_md5.o
 .debug_line    0x00008bc8      0x510 STM32F4xx_StdPeriph_Driver\src\stm32f4xx_hash.o
 .debug_line    0x000090d8      0x51f STM32F4xx_StdPeriph_Driver\src\stm32f4xx_gpio.o
 .debug_line    0x000095f7      0x5b1 STM32F4xx_StdPeriph_Driver\src\stm32f4xx_fsmc.o
 .debug_line    0x00009ba8      0x584 STM32F4xx_StdPeriph_Driver\src\stm32f4xx_flash.o
 .debug_line    0x0000a12c      0x4d8 STM32F4xx_StdPeriph_Driver\src\stm32f4xx_exti.o
 .debug_line    0x0000a604      0x573 STM32F4xx_StdPeriph_Driver\src\stm32f4xx_dma.o
 .debug_line    0x0000ab77      0x51a STM32F4xx_StdPeriph_Driver\src\stm32f4xx_dcmi.o
 .debug_line    0x0000b091      0x4a8 STM32F4xx_StdPeriph_Driver\src\stm32f4xx_dbgmcu.o
 .debug_line    0x0000b539      0x51c STM32F4xx_StdPeriph_Driver\src\stm32f4xx_dac.o
 .debug_line    0x0000ba55      0x5ac STM32F4xx_StdPeriph_Driver\src\stm32f4xx_cryp_tdes.o
 .debug_line    0x0000c001      0x545 STM32F4xx_StdPeriph_Driver\src\stm32f4xx_cryp_des.o
 .debug_line    0x0000c546      0x78b STM32F4xx_StdPeriph_Driver\src\stm32f4xx_cryp_aes.o
 .debug_line    0x0000ccd1      0x543 STM32F4xx_StdPeriph_Driver\src\stm32f4xx_cryp.o
 .debug_line    0x0000d214      0x4a8 STM32F4xx_StdPeriph_Driver\src\stm32f4xx_crc.o
 .debug_line    0x0000d6bc      0x612 STM32F4xx_StdPeriph_Driver\src\stm32f4xx_can.o
 .debug_line    0x0000dcce      0x60b STM32F4xx_StdPeriph_Driver\src\stm32f4xx_adc.o
 .debug_line    0x0000e2d9      0x4b1 STM32F4xx_StdPeriph_Driver\src\misc.o
 .debug_line    0x0000e78a      0x4f8 STM32F4-Discovery\stm32f4_discovery.o
 .debug_line    0x0000ec82      0x7fe RFID\rfid.o
 .debug_line    0x0000f480      0x93f I2C-DS1621\I2C-DS1621.o
 .debug_line    0x0000fdbf      0x703 FreeRTOS\timers.o
 .debug_line    0x000104c2      0xb06 FreeRTOS\tasks.o
 .debug_line    0x00010fc8      0x9af FreeRTOS\queue.o
 .debug_line    0x00011977      0x6a1 FreeRTOS\portable\port.o
 .debug_line    0x00012018      0x7fd FreeRTOS\portable\heap_2.o
 .debug_line    0x00012815      0x7eb FreeRTOS\list.o
 .debug_line    0x00013000      0x6cf FreeRTOS\croutine.o
 .debug_line    0x000136cf      0x75a DS1307\DS1307.o

.debug_macinfo  0x00000000  0x114fda0
 .debug_macinfo
                0x00000000    0x5bd0f Utils\timetemp.o
 .debug_macinfo
                0x0005bd0f    0x5e5bb Utils\syscalls-stubs.o
 .debug_macinfo
                0x000ba2ca    0x5c9a9 Utils\retarget.o
 .debug_macinfo
                0x00116c73    0x5af8a Utils\itoa.o
 .debug_macinfo
                0x00171bfd    0x592e5 User\system_stm32f4xx.o
 .debug_macinfo
                0x001caee2    0x592b7 User\stm32f4xx_it.o
 .debug_macinfo
                0x00224199    0x62b95 User\main.o
 .debug_macinfo
                0x00286d2e    0x593b1 STM32F4xx_StdPeriph_Driver\src\stm32f4xx_wwdg.o
 .debug_macinfo
                0x002e00df    0x593cf STM32F4xx_StdPeriph_Driver\src\stm32f4xx_usart.o
 .debug_macinfo
                0x003394ae    0x5937c STM32F4xx_StdPeriph_Driver\src\stm32f4xx_tim.o
 .debug_macinfo
                0x0039282a    0x59411 STM32F4xx_StdPeriph_Driver\src\stm32f4xx_syscfg.o
 .debug_macinfo
                0x003ebc3b    0x59390 STM32F4xx_StdPeriph_Driver\src\stm32f4xx_spi.o
 .debug_macinfo
                0x00444fcb    0x5984c STM32F4xx_StdPeriph_Driver\src\stm32f4xx_sdio.o
 .debug_macinfo
                0x0049e817    0x594e4 STM32F4xx_StdPeriph_Driver\src\stm32f4xx_rtc.o
 .debug_macinfo
                0x004f7cfb    0x592a3 STM32F4xx_StdPeriph_Driver\src\stm32f4xx_rng.o
 .debug_macinfo
                0x00550f9e    0x597af STM32F4xx_StdPeriph_Driver\src\stm32f4xx_rcc.o
 .debug_macinfo
                0x005aa74d    0x59588 STM32F4xx_StdPeriph_Driver\src\stm32f4xx_pwr.o
 .debug_macinfo
                0x00603cd5    0x592e9 STM32F4xx_StdPeriph_Driver\src\stm32f4xx_iwdg.o
 .debug_macinfo
                0x0065cfbe    0x5930d STM32F4xx_StdPeriph_Driver\src\stm32f4xx_i2c.o
 .debug_macinfo
                0x006b62cb    0x592ce STM32F4xx_StdPeriph_Driver\src\stm32f4xx_hash_sha1.o
 .debug_macinfo
                0x0070f599    0x592cd STM32F4xx_StdPeriph_Driver\src\stm32f4xx_hash_md5.o
 .debug_macinfo
                0x00768866    0x592a3 STM32F4xx_StdPeriph_Driver\src\stm32f4xx_hash.o
 .debug_macinfo
                0x007c1b09    0x592a3 STM32F4xx_StdPeriph_Driver\src\stm32f4xx_gpio.o
 .debug_macinfo
                0x0081adac    0x593e8 STM32F4xx_StdPeriph_Driver\src\stm32f4xx_fsmc.o
 .debug_macinfo
                0x00874194    0x592c8 STM32F4xx_StdPeriph_Driver\src\stm32f4xx_flash.o
 .debug_macinfo
                0x008cd45c    0x592c7 STM32F4xx_StdPeriph_Driver\src\stm32f4xx_exti.o
 .debug_macinfo
                0x00926723    0x595e3 STM32F4xx_StdPeriph_Driver\src\stm32f4xx_dma.o
 .debug_macinfo
                0x0097fd06    0x592a3 STM32F4xx_StdPeriph_Driver\src\stm32f4xx_dcmi.o
 .debug_macinfo
                0x009d8fa9    0x592ce STM32F4xx_StdPeriph_Driver\src\stm32f4xx_dbgmcu.o
 .debug_macinfo
                0x00a32277    0x593c1 STM32F4xx_StdPeriph_Driver\src\stm32f4xx_dac.o
 .debug_macinfo
                0x00a8b638    0x592ce STM32F4xx_StdPeriph_Driver\src\stm32f4xx_cryp_tdes.o
 .debug_macinfo
                0x00ae4906    0x592cd STM32F4xx_StdPeriph_Driver\src\stm32f4xx_cryp_des.o
 .debug_macinfo